make[1]: Entering directory '/home/sisyphus/code/linux/ipvs-overload-fix/runtime/build'
  SYNC    include/config/auto.conf.cmd
  UPD     arch/x86/include/generated/uapi/asm/bpf_perf_event.h
  UPD     arch/x86/include/generated/uapi/asm/errno.h
  UPD     arch/x86/include/generated/uapi/asm/fcntl.h
  SYSHDR  arch/x86/include/generated/uapi/asm/unistd_32.h
  UPD     arch/x86/include/generated/uapi/asm/ioctls.h
  UPD     arch/x86/include/generated/uapi/asm/ioctl.h
  UPD     arch/x86/include/generated/uapi/asm/ipcbuf.h
  UPD     arch/x86/include/generated/uapi/asm/param.h
  HOSTCC  arch/x86/tools/relocs_32.o
  HOSTCC  arch/x86/tools/relocs_64.o
  UPD     include/generated/uapi/linux/version.h
  UPD     arch/x86/include/generated/uapi/asm/poll.h
  HOSTCC  arch/x86/tools/relocs_common.o
  HOSTCC  arch/x86/tools/vdso2c
  UPD     arch/x86/include/generated/uapi/asm/resource.h
  UPD     arch/x86/include/generated/uapi/asm/socket.h
  UPD     arch/x86/include/generated/asm/cpufeaturemasks.h
  UPD     arch/x86/include/generated/uapi/asm/sockios.h
  UPD     arch/x86/include/generated/uapi/asm/termbits.h
  UPD     arch/x86/include/generated/uapi/asm/termios.h
  UPD     arch/x86/include/generated/uapi/asm/types.h
  UPD     include/generated/compile.h
  SYSHDR  arch/x86/include/generated/uapi/asm/unistd_64.h
  HOSTCC  scripts/kallsyms
  SYSHDR  arch/x86/include/generated/uapi/asm/unistd_x32.h
  SYSTBL  arch/x86/include/generated/asm/syscalls_32.h
  SYSHDR  arch/x86/include/generated/asm/unistd_32_ia32.h
  UPD     arch/x86/include/generated/asm/early_ioremap.h
  UPD     arch/x86/include/generated/asm/fprobe.h
  UPD     arch/x86/include/generated/asm/mcs_spinlock.h
  SYSHDR  arch/x86/include/generated/asm/unistd_64_x32.h
  DESCEND objtool
  HOSTCC  scripts/sorttable.o
  UPD     arch/x86/include/generated/asm/mmzone.h
  UPD     arch/x86/include/generated/asm/ring_buffer.h
  HOSTCC  scripts/elf-parse.o
  SYSTBL  arch/x86/include/generated/asm/syscalls_64.h
  UPD     arch/x86/include/generated/asm/kexec_handover.h
  UPD     arch/x86/include/generated/asm/device.h
  UPD     arch/x86/include/generated/asm/irq_regs.h
  UPD     arch/x86/include/generated/asm/kmap_size.h
  UPD     arch/x86/include/generated/asm/local64.h
  UPD     arch/x86/include/generated/asm/mmiowb.h
  UPD     arch/x86/include/generated/asm/module.lds.h
  UPD     arch/x86/include/generated/asm/rwonce.h
  HOSTLD  scripts/sorttable
  HOSTLD  arch/x86/tools/relocs
  CC      /home/sisyphus/code/linux/ipvs-overload-fix/runtime/build/tools/objtool/libsubcmd/exec-cmd.o
  CC      /home/sisyphus/code/linux/ipvs-overload-fix/runtime/build/tools/objtool/libsubcmd/help.o
  CC      /home/sisyphus/code/linux/ipvs-overload-fix/runtime/build/tools/objtool/libsubcmd/pager.o
  CC      /home/sisyphus/code/linux/ipvs-overload-fix/runtime/build/tools/objtool/libsubcmd/parse-options.o
  CC      /home/sisyphus/code/linux/ipvs-overload-fix/runtime/build/tools/objtool/libsubcmd/run-command.o
  CC      /home/sisyphus/code/linux/ipvs-overload-fix/runtime/build/tools/objtool/libsubcmd/sigchain.o
  CC      /home/sisyphus/code/linux/ipvs-overload-fix/runtime/build/tools/objtool/libsubcmd/subcmd-config.o
  UPD     include/config/kernel.release
  UPD     include/generated/utsrelease.h
  CC      scripts/mod/empty.o
  HOSTCC  scripts/mod/mk_elfconfig
  CC      scripts/mod/devicetable-offsets.s
  MKELF   scripts/mod/elfconfig.h
  HOSTCC  scripts/mod/modpost.o
  HOSTCC  scripts/mod/sumversion.o
  HOSTCC  scripts/mod/symsearch.o
  UPD     scripts/mod/devicetable-offsets.h
  HOSTCC  scripts/mod/file2alias.o
  LD      /home/sisyphus/code/linux/ipvs-overload-fix/runtime/build/tools/objtool/libsubcmd/libsubcmd-in.o
  AR      /home/sisyphus/code/linux/ipvs-overload-fix/runtime/build/tools/objtool/libsubcmd/libsubcmd.a
  CC      /home/sisyphus/code/linux/ipvs-overload-fix/runtime/build/tools/objtool/weak.o
  CC      /home/sisyphus/code/linux/ipvs-overload-fix/runtime/build/tools/objtool/check.o
  MKDIR   /home/sisyphus/code/linux/ipvs-overload-fix/runtime/build/tools/objtool/arch/x86/lib/
  CC      /home/sisyphus/code/linux/ipvs-overload-fix/runtime/build/tools/objtool/special.o
  MKDIR   /home/sisyphus/code/linux/ipvs-overload-fix/runtime/build/tools/objtool/arch/x86/lib/
  CC      /home/sisyphus/code/linux/ipvs-overload-fix/runtime/build/tools/objtool/builtin-check.o
  MKDIR   /home/sisyphus/code/linux/ipvs-overload-fix/runtime/build/tools/objtool/arch/x86/
  CC      /home/sisyphus/code/linux/ipvs-overload-fix/runtime/build/tools/objtool/elf.o
  CC      /home/sisyphus/code/linux/ipvs-overload-fix/runtime/build/tools/objtool/klp-symid.o
  CC      /home/sisyphus/code/linux/ipvs-overload-fix/runtime/build/tools/objtool/objtool.o
  GEN     /home/sisyphus/code/linux/ipvs-overload-fix/runtime/build/tools/objtool/arch/x86/lib/inat-tables.c
  CC      /home/sisyphus/code/linux/ipvs-overload-fix/runtime/build/tools/objtool/arch/x86/orc.o
  GEN     /home/sisyphus/code/linux/ipvs-overload-fix/runtime/build/tools/objtool/arch/x86/lib/cpu-feature-names.c
  CC      /home/sisyphus/code/linux/ipvs-overload-fix/runtime/build/tools/objtool/orc_gen.o
  CC      /home/sisyphus/code/linux/ipvs-overload-fix/runtime/build/tools/objtool/arch/x86/special.o
  CC      /home/sisyphus/code/linux/ipvs-overload-fix/runtime/build/tools/objtool/orc_dump.o
  CC      /home/sisyphus/code/linux/ipvs-overload-fix/runtime/build/tools/objtool/libstring.o
  CC      /home/sisyphus/code/linux/ipvs-overload-fix/runtime/build/tools/objtool/libctype.o
  CC      /home/sisyphus/code/linux/ipvs-overload-fix/runtime/build/tools/objtool/str_error_r.o
  CC      /home/sisyphus/code/linux/ipvs-overload-fix/runtime/build/tools/objtool/librbtree.o
  CC      /home/sisyphus/code/linux/ipvs-overload-fix/runtime/build/tools/objtool/signal.o
  CC      /home/sisyphus/code/linux/ipvs-overload-fix/runtime/build/tools/objtool/arch/x86/decode.o
  HOSTLD  scripts/mod/modpost
  CC      kernel/bounds.s
  CHKSHA1 /home/sisyphus/code/linux-ipvs-overload-validation/include/linux/atomic/atomic-arch-fallback.h
  CHKSHA1 /home/sisyphus/code/linux-ipvs-overload-validation/include/linux/atomic/atomic-instrumented.h
  CHKSHA1 /home/sisyphus/code/linux-ipvs-overload-validation/include/linux/atomic/atomic-long.h
  UPD     include/generated/timeconst.h
  UPD     include/generated/bounds.h
  CC      arch/x86/kernel/asm-offsets.s
  LD      /home/sisyphus/code/linux/ipvs-overload-fix/runtime/build/tools/objtool/arch/x86/objtool-in.o
  UPD     include/generated/asm-offsets.h
  CC      kernel/sched/rq-offsets.s
  UPD     include/generated/rq-offsets.h
  CALL    /home/sisyphus/code/linux-ipvs-overload-validation/scripts/checksyscalls.sh 
  LD      /home/sisyphus/code/linux/ipvs-overload-fix/runtime/build/tools/objtool/objtool-in.o
  LINK    /home/sisyphus/code/linux/ipvs-overload-fix/runtime/build/tools/objtool/objtool
  HOSTCC  usr/gen_init_cpio
  CC      init/main.o
  AR      certs/built-in.a
  AR      ipc/built-in.a
  CC      security/commoncap.o
  CC      mm/filemap.o
  AS      arch/x86/boot/startup/la57toggle.o
  AS      arch/x86/lib/bhi.o
  AR      fs/iomap/built-in.a
  AR      lib/kunit/built-in.a
  AR      fs/notify/dnotify/built-in.a
  AR      arch/x86/entry/vsyscall/built-in.a
  AR      fs/notify/inotify/built-in.a
  CC      arch/x86/boot/startup/gdt_idt.o
  AS      arch/x86/entry/entry.o
  AR      lib/math/tests/built-in.a
  CC      lib/math/div64.o
  AR      fs/notify/fanotify/built-in.a
  AR      fs/notify/built-in.a
  CC      kernel/sched/core.o
  AR      crypto/built-in.a
  AS      arch/x86/lib/clear_page_64.o
  LDS     arch/x86/entry/vdso/vdso64/vdso64.lds
  CC      fs/proc/task_mmu.o
  AR      fs/quota/built-in.a
  CC      fs/kernfs/mount.o
  AS      arch/x86/entry/vdso/vdso64/note.o
  CC      arch/x86/entry/vdso/vdso64/vclock_gettime.o
  CC      arch/x86/lib/cmdline.o
  AS      arch/x86/lib/cmpxchg16b_emu.o
  CC      lib/math/gcd.o
  CC      security/min_addr.o
  CC      arch/x86/lib/copy_mc.o
  CC      lib/math/lcm.o
  GEN     usr/initramfs_data.cpio
  CC      lib/math/int_log.o
  CC      arch/x86/boot/startup/map_kernel.o
  COPY    usr/initramfs_inc_data
  AS      usr/initramfs_data.o
  AR      usr/built-in.a
  CC      lib/math/int_pow.o
  CC      arch/x86/entry/vdso/vdso64/vgetcpu.o
  CC      lib/math/int_sqrt.o
  UPD     init/utsversion-tmp.h
  CC      kernel/locking/mutex.o
  CC      arch/x86/entry/vdso/vdso64/vgetrandom.o
  CC      lib/math/reciprocal_div.o
  AS      arch/x86/lib/copy_mc_64.o
  AS      arch/x86/lib/copy_page_64.o
  CC      lib/math/rational.o
  AS      arch/x86/entry/vdso/vdso64/vgetrandom-chacha.o
  AS      arch/x86/lib/copy_user_64.o
  AR      arch/x86/boot/startup/lib.a
  VDSO    arch/x86/entry/vdso/vdso64/vdso64.so.dbg
  OBJCOPY arch/x86/boot/startup/gdt_idt.pi.o
  OBJCOPY arch/x86/entry/vdso/vdso64/vdso64.so
  OBJCOPY arch/x86/boot/startup/map_kernel.pi.o
  AS      arch/x86/lib/copy_user_uncached_64.o
  VDSO2C  arch/x86/entry/vdso/vdso64/vdso64-image.c
  AR      arch/x86/boot/startup/built-in.a
  CC      arch/x86/entry/vdso/vdso64/vdso64-image.o
  CC      kernel/power/qos.o
  CC      arch/x86/lib/cpu.o
  CC      fs/proc/inode.o
  CC      fs/kernfs/inode.o
  AR      arch/x86/entry/vdso/vdso64/built-in.a
  CC      arch/x86/entry/vdso/vma.o
  AR      lib/math/built-in.a
  AR      lib/crc/tests/built-in.a
  AR      security/built-in.a
  HOSTCC  lib/crc/gen_crc32table
  CC      mm/mempool.o
  AS      arch/x86/lib/csum-copy_64.o
  CC      arch/x86/lib/csum-partial_64.o
  GEN     lib/crc/crc32table.h
  CC      lib/crc/crc32-main.o
  CC      init/do_mounts.o
  CC      arch/x86/lib/csum-wrappers_64.o
  CC      kernel/locking/semaphore.o
  AR      lib/crc/built-in.a
  CC      lib/crypto/blake2s.o
  AS      lib/crypto/x86/blake2s-core.o
  CC      fs/proc/root.o
  AR      kernel/power/built-in.a
  CC      arch/x86/lib/delay.o
  CC      lib/crypto/chacha-block-generic.o
  CC      fs/kernfs/dir.o
  CC      fs/proc/base.o
  CC      arch/x86/entry/vdso/extable.o
  CC      mm/oom_kill.o
  AS      arch/x86/lib/getuser.o
  GEN     arch/x86/lib/inat-tables.c
  CC      mm/fadvise.o
  CC      arch/x86/lib/insn-eval.o
  CC      kernel/locking/rwsem.o
  CC      lib/crypto/sha1.o
  CC      init/do_mounts_initrd.o
  CC      init/initramfs.o
  AR      arch/x86/entry/vdso/built-in.a
  AS      arch/x86/entry/entry_64.o
  CC      kernel/sched/fair.o
  CC      arch/x86/entry/syscall_64.o
  CC      fs/sysfs/file.o
  AS      lib/crypto/x86/sha1-ssse3-and-avx.o
  CC      init/calibrate.o
  AS      lib/crypto/x86/sha1-avx2-asm.o
  CC      kernel/locking/percpu-rwsem.o
  AS      lib/crypto/x86/sha1-ni-asm.o
  CC      arch/x86/lib/insn.o
  CC      lib/crypto/sha256.o
  CC      mm/maccess.o
  CC      fs/kernfs/file.o
  CC      fs/devpts/inode.o
  AS      arch/x86/lib/memcpy_64.o
  AS      lib/crypto/x86/sha256-ssse3-asm.o
  AS      arch/x86/lib/memmove_64.o
  CC      arch/x86/events/amd/core.o
  AS      arch/x86/lib/memset_64.o
  CC      arch/x86/lib/misc.o
  CC      arch/x86/lib/pc-conf-reg.o
  CC      fs/proc/generic.o
  CC      kernel/locking/spinlock.o
  CC      init/init_task.o
  CC      fs/sysfs/dir.o
  AS      lib/crypto/x86/sha256-avx-asm.o
  AS      arch/x86/lib/putuser.o
  CC      arch/x86/entry/common.o
  AS      lib/crypto/x86/sha256-avx2-asm.o
  CC      arch/x86/lib/usercopy.o
  AS      lib/crypto/x86/sha256-ni-asm.o
  AR      lib/crypto/built-in.a
  AR      lib/tests/built-in.a
  CC      lib/vdso/datastore.o
  CC      mm/page-writeback.o
  CC      kernel/locking/osq_lock.o
  AR      fs/devpts/built-in.a
  CC      mm/folio-compat.o
  CC      arch/x86/lib/usercopy_64.o
  CC      fs/sysfs/symlink.o
  CC      fs/kernfs/symlink.o
  CC      kernel/locking/qspinlock.o
  CC      init/version.o
  AR      lib/vdso/built-in.a
  CC      fs/proc/array.o
  AR      lib/raid/xor/tests/built-in.a
  AR      lib/raid/xor/built-in.a
  AS      arch/x86/entry/thunk.o
  AR      lib/raid/raid6/built-in.a
  AR      lib/raid/built-in.a
  AR      arch/x86/entry/built-in.a
  CC      lib/zlib_inflate/inffast.o
  CC      lib/lzo/lzo1x_decompress_safe.o
  CC      arch/x86/events/amd/lbr.o
  CC      kernel/locking/rtmutex_api.o
  CC      lib/zlib_inflate/inflate.o
  CC      arch/x86/lib/msr-smp.o
  CC      arch/x86/events/amd/ibs.o
  AR      init/built-in.a
  CC      fs/sysfs/mount.o
  CC      lib/lz4/lz4_decompress.o
  AR      fs/kernfs/built-in.a
  CC      lib/zstd/zstd_decompress_module.o
  AR      lib/lzo/built-in.a
  CC      lib/zstd/decompress/huf_decompress.o
  CC      arch/x86/lib/cache-smp.o
  CC      arch/x86/lib/msr.o
  CC      lib/zlib_inflate/infutil.o
  CC      mm/readahead.o
  CC      mm/folio.o
  CC      fs/proc/fd.o
  CC      kernel/locking/qrwlock.o
  CC      arch/x86/events/intel/core.o
  CC      lib/zlib_inflate/inftrees.o
  AS      arch/x86/lib/msr-reg.o
  CC      arch/x86/lib/msr-reg-export.o
  CC      fs/sysfs/group.o
  CC      lib/zlib_inflate/inflate_syms.o
  AS      arch/x86/lib/hweight.o
  AR      kernel/locking/built-in.a
  CC      arch/x86/lib/iomem.o
  CC      arch/x86/realmode/init.o
  AR      arch/x86/events/amd/built-in.a
  CC      arch/x86/events/zhaoxin/core.o
  AR      lib/lz4/built-in.a
  CC      lib/xz/xz_dec_syms.o
  AR      lib/zlib_inflate/built-in.a
  CC      lib/dim/dim.o
  CC      fs/proc/proc_tty.o
  CC      arch/x86/lib/inat.o
  AR      arch/x86/lib/built-in.a
  CC      lib/dim/net_dim.o
  AR      fs/sysfs/built-in.a
  CC      arch/x86/events/intel/bts.o
  AR      arch/x86/lib/lib.a
  CC      lib/xz/xz_dec_stream.o
  CC      arch/x86/events/intel/ds.o
  CC      mm/truncate.o
  AS      arch/x86/realmode/rm/header.o
  CC      kernel/sched/build_policy.o
  AS      arch/x86/realmode/rm/trampoline_64.o
  AS      arch/x86/realmode/rm/stack.o
  AS      arch/x86/realmode/rm/reboot.o
  PASYMS  arch/x86/realmode/rm/pasyms.h
  LDS     arch/x86/realmode/rm/realmode.lds
  LD      arch/x86/realmode/rm/realmode.elf
  RELOCS  arch/x86/realmode/rm/realmode.relocs
  OBJCOPY arch/x86/realmode/rm/realmode.bin
  AS      arch/x86/realmode/rmpiggy.o
  AR      arch/x86/realmode/built-in.a
  CC      lib/argv_split.o
  CC      arch/x86/events/core.o
  CC      lib/xz/xz_dec_lzma2.o
  CC      fs/proc/cmdline.o
  AR      arch/x86/events/zhaoxin/built-in.a
  CC      fs/ramfs/inode.o
  CC      fs/nls/nls_base.o
  CC      lib/zstd/decompress/zstd_ddict.o
  CC      lib/dim/rdma_dim.o
  AR      drivers/cache/built-in.a
  AR      drivers/irqchip/built-in.a
  AR      drivers/bus/mhi/built-in.a
  AR      drivers/bus/built-in.a
  AR      drivers/phy/built-in.a
  CC      lib/zstd/decompress/zstd_decompress.o
  AR      drivers/pwm/built-in.a
  AR      drivers/leds/blink/built-in.a
  AR      drivers/leds/simatic/built-in.a
  AR      drivers/leds/built-in.a
  CC      drivers/pci/msi/pcidev_msi.o
  CC      fs/proc/consoles.o
  CC      lib/xz/xz_dec_bcj.o
  CC      mm/vmscan.o
  AR      fs/nls/built-in.a
  AR      lib/dim/built-in.a
  AR      sound/built-in.a
  CC      fs/proc/cpuinfo.o
  CC      net/core/sock.o
  CC      fs/ramfs/file-mmu.o
  CC      fs/proc/devices.o
  AR      lib/xz/built-in.a
  CC      drivers/pci/pcie/aspm.o
  AR      drivers/pci/msi/built-in.a
  AR      fs/unicode/built-in.a
  CC      net/core/skbuff.o
  CC      lib/zstd/decompress/zstd_decompress_block.o
  CC      fs/proc/loadavg.o
  AR      fs/ramfs/built-in.a
  CC      fs/proc/meminfo.o
  CC      fs/proc/stat.o
  CC      net/ethernet/eth.o
  AR      net/802/built-in.a
  CC      kernel/sched/build_utility.o
  CC      mm/shrinker.o
  CC      kernel/printk/printk.o
  CC      fs/proc/uptime.o
  AR      drivers/pci/pcie/built-in.a
  AR      drivers/pci/pwrctrl/built-in.a
  AR      drivers/pci/controller/dwc/built-in.a
  AR      drivers/pci/controller/mobiveil/built-in.a
  AR      drivers/pci/controller/plda/built-in.a
  AR      drivers/pci/controller/built-in.a
  AR      drivers/pci/switch/built-in.a
  CC      drivers/pci/access.o
  CC      arch/x86/events/probe.o
  CC      arch/x86/events/intel/knc.o
  CC      mm/shmem.o
  CC      fs/proc/util.o
  CC      fs/proc/version.o
  AR      net/ethernet/built-in.a
  CC      fs/proc/softirqs.o
  CC      drivers/pci/bus.o
  CC      arch/x86/events/intel/lbr.o
  CC      lib/bug.o
  CC      lib/buildid.o
  CC      lib/zstd/zstd_common_module.o
  CC      kernel/printk/printk_safe.o
  CC      lib/cmdline.o
  CC      fs/proc/namespaces.o
  CC      fs/proc/self.o
  CC      lib/zstd/common/debug.o
  CC      lib/zstd/common/entropy_common.o
  AR      virt/lib/built-in.a
  AR      virt/built-in.a
  CC      arch/x86/pci/i386.o
  CC      arch/x86/pci/init.o
  CC      drivers/pci/probe.o
  CC      kernel/printk/nbcon.o
  CC      kernel/irq/irqdesc.o
  CC      lib/zstd/common/error_private.o
  CC      lib/zstd/common/fse_decompress.o
  CC      fs/proc/thread_self.o
  CC      kernel/irq/handle.o
  CC      lib/zstd/common/zstd_common.o
  CC      arch/x86/events/intel/p4.o
  CC      mm/util.o
  CC      arch/x86/events/intel/p6.o
  AR      lib/zstd/built-in.a
  CC      lib/cpumask.o
  CC      arch/x86/pci/mmconfig_64.o
  CC      fs/proc/proc_sysctl.o
  CC      kernel/printk/printk_ringbuffer.o
  CC      kernel/printk/sysctl.o
  CC      kernel/irq/manage.o
  AR      kernel/sched/built-in.a
  CC      arch/x86/events/intel/pt.o
  CC      lib/ctype.o
  CC      arch/x86/events/intel/uncore.o
  CC      lib/dec_and_lock.o
  CC      kernel/irq/spurious.o
  CC      arch/x86/pci/direct.o
  CC      lib/decompress.o
  CC      drivers/pci/host-bridge.o
  AR      kernel/printk/built-in.a
  CC      lib/decompress_bunzip2.o
  CC      lib/decompress_inflate.o
  CC      drivers/pci/remove.o
  CC      net/core/datagram.o
  CC      mm/mmzone.o
  CC      mm/vmstat.o
  CC      arch/x86/pci/mmconfig-shared.o
  CC      kernel/irq/resend.o
  CC      kernel/irq/chip.o
  CC      kernel/irq/dummychip.o
  CC      lib/decompress_unlz4.o
  CC      fs/proc/proc_net.o
  CC      drivers/video/console/dummycon.o
  CC      drivers/pci/pci.o
  CC      drivers/pci/pci-driver.o
  CC      drivers/pci/search.o
  CC      drivers/pci/rebar.o
  CC      lib/decompress_unlzma.o
  CC      arch/x86/events/intel/uncore_nhmex.o
  CC      drivers/video/console/vgacon.o
  CC      arch/x86/pci/fixup.o
  CC      kernel/irq/devres.o
  CC      fs/proc/kmsg.o
  CC      mm/backing-dev.o
  CC      net/core/stream.o
  CC      net/core/scm.o
  CC      kernel/irq/kexec.o
  AR      drivers/video/backlight/built-in.a
  CC      arch/x86/events/utils.o
  CC      lib/decompress_unlzo.o
  CC      arch/x86/events/intel/uncore_snb.o
  CC      fs/proc/page.o
  CC      arch/x86/pci/acpi.o
  AR      drivers/video/console/built-in.a
  AR      drivers/video/fbdev/core/built-in.a
  CC      kernel/irq/autoprobe.o
  CC      drivers/video/screen_info_generic.o
  AR      drivers/video/fbdev/omap/built-in.a
  AR      drivers/video/fbdev/omap2/omapfb/dss/built-in.a
  AR      drivers/video/fbdev/omap2/omapfb/displays/built-in.a
  AR      drivers/video/fbdev/omap2/omapfb/built-in.a
  AR      drivers/video/fbdev/omap2/built-in.a
  AR      drivers/video/fbdev/built-in.a
  CC      net/core/gen_stats.o
  CC      lib/decompress_unxz.o
  CC      drivers/video/screen_info_pci.o
  CC      mm/mm_init.o
  CC      mm/percpu.o
  CC      lib/decompress_unzstd.o
  AR      fs/proc/built-in.a
  AR      fs/hostfs/built-in.a
  CC      fs/open.o
  CC      kernel/irq/irqdomain.o
  CC      kernel/rcu/update.o
  CC      arch/x86/events/rapl.o
  CC      arch/x86/pci/legacy.o
  CC      arch/x86/events/intel/uncore_snbep.o
  CC      lib/dump_stack.o
  AR      drivers/video/built-in.a
  CC      net/sched/sch_generic.o
  CC      drivers/pci/rom.o
  CC      net/core/gen_estimator.o
  CC      kernel/rcu/sync.o
  CC      arch/x86/pci/irq.o
  CC      net/netlink/af_netlink.o
  CC      lib/earlycpio.o
  CC      kernel/rcu/srcutree.o
  CC      drivers/pci/setup-res.o
  CC      kernel/irq/proc.o
  CC      lib/extable.o
  CC      lib/flex_proportions.o
  CC      fs/read_write.o
  CC      fs/file_table.o
  CC      lib/idr.o
  CC      net/core/net_namespace.o
  CC      mm/slab_common.o
  CC      drivers/pci/irq.o
  CC      kernel/irq/migration.o
  CC      arch/x86/pci/common.o
  CC      arch/x86/events/intel/uncore_discovery.o
  CC      kernel/rcu/tree.o
  CC      lib/iomem_copy.o
  CC      lib/irq_regs.o
  CC      net/sched/sch_mq.o
  CC      lib/is_single_threaded.o
  CC      kernel/irq/cpuhotplug.o
  CC      arch/x86/kernel/fpu/init.o
  CC      mm/compaction.o
  CC      drivers/pci/vpd.o
  CC      arch/x86/pci/early.o
  CC      fs/super.o
  CC      lib/klist.o
  CC      arch/x86/kernel/fpu/bugs.o
  CC      arch/x86/kernel/fpu/core.o
  CC      kernel/irq/affinity.o
  CC      net/core/secure_seq.o
  CC      net/netlink/genetlink.o
  CC      arch/x86/events/intel/cstate.o
  CC      lib/kobject.o
  CC      mm/show_mem.o
  CC      arch/x86/pci/bus_numa.o
  CC      net/sched/sch_frag.o
  CC      drivers/pci/setup-bus.o
  CC      kernel/irq/matrix.o
  CC      lib/kobject_uevent.o
  CC      arch/x86/kernel/fpu/regset.o
  CC      arch/x86/pci/amd_bus.o
  AR      arch/x86/events/intel/built-in.a
  CC      arch/x86/events/msr.o
  CC      mm/interval_tree.o
  AR      kernel/irq/built-in.a
  CC      mm/list_lru.o
  CC      net/core/flow_dissector.o
  CC      fs/char_dev.o
  AR      net/sched/built-in.a
  CC      net/core/sysctl_net_core.o
  CC      arch/x86/kernel/fpu/signal.o
  CC      net/netlink/policy.o
  AR      arch/x86/pci/built-in.a
  CC      arch/x86/kernel/fpu/xstate.o
  AR      arch/x86/events/built-in.a
  CC      lib/logic_pio.o
  CC      lib/maple_tree.o
  CC      mm/workingset.o
  CC      kernel/rcu/rcu_segcblist.o
  CC      drivers/pci/vc.o
  CC      drivers/pci/mmap.o
  CC      fs/stat.o
  CC      drivers/pci/devres.o
  AR      net/bpf/built-in.a
  CC      lib/memcat_p.o
  AR      kernel/rcu/built-in.a
  AR      kernel/livepatch/built-in.a
  AR      net/netlink/built-in.a
  AR      kernel/liveupdate/built-in.a
  CC      net/core/dev.o
  CC      kernel/dma/mapping.o
  CC      arch/x86/mm/pat/set_memory.o
  CC      arch/x86/kernel/cpu/microcode/core.o
  CC      mm/debug.o
  CC      kernel/dma/direct.o
  AR      arch/x86/kernel/fpu/built-in.a
  CC      kernel/dma/swiotlb.o
  CC      kernel/dma/remap.o
  CC      drivers/pci/proc.o
  CC      arch/x86/kernel/acpi/boot.o
  CC      fs/exec.o
  CC      arch/x86/kernel/acpi/cppc.o
  CC      arch/x86/kernel/cpu/microcode/intel.o
  CC      mm/gup.o
  CC      arch/x86/kernel/cpu/cacheinfo.o
  CC      arch/x86/kernel/cpu/scattered.o
  AR      kernel/dma/built-in.a
  CC      kernel/entry/common.o
  CC      arch/x86/mm/init.o
  CC      drivers/pci/pci-sysfs.o
  CC      arch/x86/kernel/apic/apic.o
  CC      arch/x86/kernel/acpi/madt_wakeup.o
  CC      arch/x86/kernel/cpu/microcode/amd.o
  CC      arch/x86/mm/pat/memtype.o
  CC      arch/x86/kernel/apic/apic_common.o
  CC      kernel/entry/syscall-common.o
  CC      fs/pipe.o
  CC      fs/namei.o
  AS      arch/x86/kernel/acpi/madt_playdead.o
  AR      drivers/idle/built-in.a
  CC      arch/x86/kernel/acpi/cstate.o
  CC      fs/fcntl.o
  AR      arch/x86/mm/pat/built-in.a
  CC      arch/x86/mm/init_64.o
  AR      arch/x86/kernel/cpu/microcode/built-in.a
  CC      drivers/pci/slot.o
  CC      arch/x86/kernel/cpu/topology_common.o
  CC      mm/mmap_lock.o
  AR      kernel/entry/built-in.a
  CC      kernel/unwind/user.o
  AR      arch/x86/kernel/acpi/built-in.a
  CC      kernel/unwind/deferred.o
  CC      arch/x86/kernel/apic/apic_noop.o
  CC      lib/nmi_backtrace.o
  CC      arch/x86/kernel/cpu/topology_ext.o
  CC      lib/objpool.o
  CC      arch/x86/kernel/apic/ipi.o
  CC      drivers/pci/pci-acpi.o
  CC      arch/x86/kernel/apic/vector.o
  CC      lib/plist.o
  AR      kernel/unwind/built-in.a
  CC      kernel/time/time.o
  CC      arch/x86/kernel/cpu/topology_amd.o
  CC      arch/x86/kernel/apic/init.o
  AR      drivers/char/ipmi/built-in.a
  CC      arch/x86/kernel/apic/hw_nmi.o
  CC      mm/vma_init.o
  CC      lib/radix-tree.o
  CC      arch/x86/mm/fault.o
  AR      arch/x86/kernel/kprobes/built-in.a
  CC      arch/x86/kernel/cpu/cpuid_parser.o
  CC      arch/x86/kernel/cpu/common.o
  CC      kernel/time/timer.o
  AR      arch/x86/crypto/built-in.a
  CC      arch/x86/kernel/cpu/rdrand.o
  CC      net/core/dev_api.o
  CC      net/core/dev_addr_lists.o
  CC      drivers/pci/iomap.o
  CC      kernel/time/hrtimer.o
  CC      mm/highmem.o
  CC      lib/ratelimit.o
  CC      arch/x86/kernel/apic/io_apic.o
  CC      lib/rbtree.o
  CC      arch/x86/mm/ioremap.o
  CC      drivers/pci/quirks.o
  CC      mm/memory.o
  CC      mm/mincore.o
  CC      fs/ioctl.o
  CC      lib/seq_buf.o
  CC      lib/siphash.o
  CC      arch/x86/kernel/cpu/match.o
  AS      arch/x86/kernel/head_64.o
  CC      arch/x86/kernel/cpu/bugs.o
  CC      kernel/time/sleep_timeout.o
  CC      lib/string.o
  CC      drivers/acpi/acpica/dsargs.o
  CC      arch/x86/mm/extable.o
  CC      kernel/time/timekeeping.o
  CC      fs/readdir.o
  CC      arch/x86/mm/mmap.o
  CC      lib/sys_info.o
  CC      arch/x86/kernel/apic/x2apic_phys.o
  CC      mm/mlock.o
  CC      drivers/acpi/acpica/dscontrol.o
  CC      net/core/dst.o
  CC      drivers/acpi/acpica/dsdebug.o
  CC      arch/x86/kernel/apic/x2apic_cluster.o
  CC      arch/x86/kernel/apic/apic_flat_64.o
  CC      lib/timerqueue.o
  CC      arch/x86/mm/pgtable.o
  CC      drivers/pci/pci-label.o
  CC      fs/select.o
  CC      lib/vsprintf.o
  CC      drivers/acpi/acpica/dsfield.o
  CC      drivers/pci/vgaarb.o
  CC      kernel/time/ntp.o
  CC      arch/x86/kernel/apic/probe_64.o
  CC      arch/x86/kernel/head64.o
  CC      arch/x86/kernel/cpu/aperfmperf.o
  CC      drivers/acpi/acpica/dsinit.o
  CC      arch/x86/kernel/ebda.o
  CC      net/core/netevent.o
  CC      arch/x86/mm/physaddr.o
  AR      arch/x86/kernel/apic/built-in.a
  AR      drivers/acpi/pmic/built-in.a
  CC      arch/x86/mm/tlb.o
  CC      drivers/acpi/acpica/dsmethod.o
  CC      arch/x86/kernel/cpu/cpuid-deps.o
  CC      drivers/acpi/acpica/dsmthdat.o
  CC      drivers/acpi/acpica/dsobject.o
  CC      kernel/time/clocksource.o
  AR      drivers/pci/built-in.a
  CC      mm/mmap.o
  CC      net/ethtool/ioctl.o
  CC      net/ethtool/common.o
  CC      arch/x86/kernel/cpu/cpuid_0x2_table.o
  CC      net/core/neighbour.o
  CC      fs/dcache.o
  CC      kernel/futex/core.o
  CC      drivers/acpi/acpica/dsopcode.o
  CC      arch/x86/kernel/cpu/umwait.o
  CC      arch/x86/mm/cpu_entry_area.o
  CC      kernel/bpf/core.o
  CC      kernel/time/jiffies.o
  CC      drivers/acpi/acpica/dspkginit.o
  CC      lib/win_minmax.o
  CC      kernel/time/timer_list.o
  CC      drivers/acpi/acpica/dsutils.o
  MKCAP   arch/x86/kernel/cpu/capflags.c
  CC      arch/x86/mm/maccess.o
  CC      mm/mmu_gather.o
  CC      kernel/futex/syscalls.o
  CC      net/netfilter/ipvs/ip_vs_conn.o
  CC      lib/xarray.o
  CC      arch/x86/mm/pgprot.o
  CC      drivers/acpi/acpica/dswexec.o
  CC      kernel/time/timeconv.o
  CC      fs/inode.o
  CC      drivers/acpi/acpica/dswload.o
  AR      arch/x86/mm/built-in.a
  CC      kernel/time/timecounter.o
  CC      mm/mprotect.o
  AR      arch/x86/platform/atom/built-in.a
  CC      kernel/time/alarmtimer.o
  AR      arch/x86/platform/ce4100/built-in.a
  AR      arch/x86/platform/efi/built-in.a
  AR      arch/x86/platform/geode/built-in.a
  AR      arch/x86/platform/iris/built-in.a
  AR      arch/x86/platform/intel/built-in.a
  AR      arch/x86/platform/intel-mid/built-in.a
  CC      kernel/futex/pi.o
  AR      arch/x86/platform/intel-quark/built-in.a
  AR      arch/x86/platform/olpc/built-in.a
  CC      net/ethtool/netlink.o
  AR      arch/x86/platform/scx200/built-in.a
  AR      arch/x86/platform/ts5500/built-in.a
  AR      arch/x86/platform/uv/built-in.a
  AR      arch/x86/platform/built-in.a
  CC      net/core/rtnetlink.o
  CC      lib/lockref.o
  CC      drivers/acpi/acpica/dswload2.o
  CC      lib/bcd.o
  AR      kernel/bpf/built-in.a
  CC      net/netfilter/ipvs/ip_vs_core.o
  CC      lib/sort.o
  CC      net/netfilter/ipvs/ip_vs_ctl.o
  CC      kernel/time/posix-timers.o
  CC      drivers/acpi/acpica/dswscope.o
  CC      lib/parser.o
  CC      kernel/futex/requeue.o
  CC      kernel/events/core.o
  CC      drivers/acpi/acpica/dswstate.o
  CC      lib/debug_locks.o
  CC      lib/random32.o
  CC      fs/attr.o
  CC      net/ethtool/bitset.o
  CC      mm/mremap.o
  CC      kernel/futex/waitwake.o
  CC      drivers/acpi/acpica/evevent.o
  CC      lib/bust_spinlocks.o
  CC      kernel/time/posix-cpu-timers.o
  CC      drivers/acpi/acpica/evgpe.o
  CC      fs/bad_inode.o
  CC      lib/kasprintf.o
  AR      kernel/futex/built-in.a
  CC      lib/bitmap.o
  CC      kernel/events/ring_buffer.o
  CC      drivers/acpi/acpica/evgpeblk.o
  CC      kernel/time/posix-clock.o
  CC      net/ethtool/strset.o
  CC      fs/file.o
  CC      mm/msync.o
  CC      arch/x86/kernel/cpu/powerflags.o
  CC      drivers/acpi/acpica/evgpeinit.o
  CC      net/netfilter/core.o
  CC      lib/scatterlist.o
  CC      drivers/acpi/acpica/evgpeutil.o
  CC      net/netfilter/ipvs/ip_vs_sched.o
  CC      kernel/time/itimer.o
  CC      arch/x86/kernel/cpu/topology.o
  CC      mm/page_vma_mapped.o
  CC      drivers/acpi/acpica/evglock.o
  CC      net/core/utils.o
  CC      net/ethtool/linkinfo.o
  AR      arch/x86/net/built-in.a
  AR      drivers/acpi/dptf/built-in.a
  CC      fs/filesystems.o
  CC      drivers/acpi/acpica/evhandler.o
  CC      lib/list_sort.o
  CC      lib/uuid.o
  CC      mm/pagewalk.o
  CC      net/ethtool/linkmodes.o
  CC      kernel/time/clockevents.o
  CC      net/netfilter/ipvs/ip_vs_xmit.o
  CC      mm/pgtable-generic.o
  CC      lib/iov_iter.o
  CC      drivers/acpi/acpica/evmisc.o
  CC      drivers/acpi/acpica/evregion.o
  CC      kernel/events/callchain.o
  CC      kernel/time/tick-common.o
  CC      net/core/link_watch.o
  CC      fs/namespace.o
  CC      arch/x86/kernel/platform-quirks.o
  CC      drivers/acpi/acpica/evrgnini.o
  CC      mm/rmap.o
  CC      net/ethtool/rss.o
  CC      arch/x86/kernel/process_64.o
  CC      drivers/acpi/acpica/evsci.o
  CC      drivers/acpi/acpica/evxface.o
  CC      kernel/time/tick-broadcast.o
  CC      net/netfilter/ipvs/ip_vs_app.o
  CC      net/core/filter.o
  CC      net/netfilter/ipvs/ip_vs_sync.o
  CC      arch/x86/kernel/cpu/proc.o
  CC      drivers/acpi/acpica/evxfevnt.o
  CC      kernel/time/tick-broadcast-hrtimer.o
  CC      lib/clz_ctz.o
  CC      lib/bsearch.o
  CC      fs/seq_file.o
  CC      drivers/acpi/acpica/evxfgpe.o
  CC      net/ethtool/linkstate.o
  CC      mm/vmalloc.o
  CC      arch/x86/kernel/cpu/feat_ctl.o
  CC      kernel/events/hw_breakpoint.o
  CC      kernel/time/tick-oneshot.o
  CC      drivers/acpi/acpica/evxfregn.o
  CC      lib/find_bit.o
  CC      arch/x86/kernel/cpu/intel.o
  CC      lib/llist.o
  CC      kernel/time/tick-sched.o
  CC      drivers/acpi/acpica/exconcat.o
  CC      lib/lwq.o
  CC      arch/x86/kernel/signal.o
  CC      arch/x86/kernel/signal_64.o
  CC      net/netfilter/ipvs/ip_vs_est.o
  CC      lib/memweight.o
  CC      net/ethtool/debug.o
  CC      arch/x86/kernel/cpu/tsx.o
  CC      drivers/acpi/acpica/exconfig.o
  CC      lib/kfifo.o
  AR      kernel/events/built-in.a
  CC      net/netfilter/ipvs/ip_vs_proto.o
  CC      arch/x86/kernel/cpu/amd.o
  CC      fs/xattr.o
  CC      kernel/time/timer_migration.o
  CC      drivers/acpi/acpica/exconvrt.o
  CC      drivers/acpi/x86/apple.o
  CC      drivers/acpi/x86/cmos_rtc.o
  CC      drivers/acpi/acpica/excreate.o
  CC      lib/percpu-refcount.o
  CC      net/ethtool/wol.o
  CC      mm/vma.o
  CC      drivers/acpi/x86/lpss.o
  CC      drivers/acpi/acpica/exdebug.o
  CC      arch/x86/kernel/cpu/amd_cache_disable.o
  AR      net/ipv4/netfilter/built-in.a
  CC      net/ipv4/route.o
  CC      kernel/time/vsyscall.o
  CC      net/netfilter/ipvs/ip_vs_pe.o
  CC      lib/rhashtable.o
  CC      drivers/acpi/acpica/exdump.o
  CC      kernel/time/namespace.o
  CC      net/ethtool/features.o
  CC      net/ethtool/privflags.o
  CC      arch/x86/kernel/cpu/hygon.o
  CC      drivers/acpi/x86/s2idle.o
  CC      fs/libfs.o
  CC      drivers/acpi/acpica/exfield.o
  CC      arch/x86/kernel/cpu/centaur.o
  CC      kernel/time/namespace_vdso.o
  CC      drivers/acpi/acpica/exfldio.o
  CC      net/netfilter/ipvs/ip_vs_proto_tcp.o
  CC      drivers/acpi/x86/utils.o
  CC      lib/base64.o
  CC      arch/x86/kernel/cpu/zhaoxin.o
  CC      lib/once.o
  CC      net/ethtool/rings.o
  CC      arch/x86/virt/svm/cmdline.o
  CC      mm/vma_exec.o
  AR      arch/x86/virt/svm/built-in.a
  CC      drivers/acpi/acpica/exmisc.o
  AR      arch/x86/virt/vmx/built-in.a
  AR      kernel/time/built-in.a
  AR      arch/x86/virt/built-in.a
  CC      mm/mseal.o
  CC      kernel/fork.o
  CC      arch/x86/kernel/cpu/perfctr-watchdog.o
  CC      lib/refcount.o
  CC      drivers/acpi/x86/blacklist.o
  CC      fs/fs-writeback.o
  CC      lib/rcuref.o
  CC      drivers/acpi/acpica/exmutex.o
  CC      lib/usercopy.o
  CC      net/ipv4/inetpeer.o
  AR      drivers/acpi/x86/built-in.a
  CC      arch/x86/kernel/cpu/vmware.o
  CC      net/netfilter/ipvs/ip_vs_proto_udp.o
  CC      net/netfilter/nf_log.o
  CC      net/netfilter/nf_queue.o
  CC      net/ethtool/channels.o
  CC      drivers/acpi/acpica/exnames.o
  CC      mm/page_alloc.o
  CC      lib/errseq.o
  CC      lib/bucket_locks.o
  CC      net/core/sock_diag.o
  CC      drivers/acpi/acpica/exoparg1.o
  CC      fs/pnode.o
  CC      arch/x86/kernel/cpu/hypervisor.o
  CC      lib/generic-radix-tree.o
  CC      drivers/acpi/acpica/exoparg2.o
  CC      net/ethtool/coalesce.o
  CC      net/ipv4/protocol.o
  CC      kernel/exec_domain.o
  CC      arch/x86/kernel/cpu/mshyperv.o
  CC      net/netfilter/ipvs/ip_vs_rr.o
  CC      kernel/exec_state.o
  CC      net/ethtool/pause.o
  CC      drivers/acpi/acpica/exoparg3.o
  CC      lib/bitmap-str.o
  CC      fs/splice.o
  CC      net/core/dev_ioctl.o
  CC      arch/x86/kernel/traps.o
  CC      drivers/acpi/acpica/exoparg6.o
  CC      kernel/panic.o
  CC      lib/string_helpers.o
  CC      arch/x86/kernel/cpu/capflags.o
  CC      net/ipv4/ip_input.o
  AR      arch/x86/kernel/cpu/built-in.a
  CC      net/ipv4/ip_fragment.o
  CC      drivers/acpi/acpica/exprep.o
  CC      net/ipv4/ip_forward.o
  AR      net/netfilter/ipvs/built-in.a
  CC      net/netfilter/nf_sockopt.o
  CC      net/ethtool/eee.o
  CC      drivers/acpi/acpica/exregion.o
  CC      kernel/cpu.o
  CC      arch/x86/kernel/idt.o
  CC      net/core/tso.o
  CC      fs/sync.o
  CC      lib/hexdump.o
  CC      drivers/acpi/acpica/exresnte.o
  CC      lib/kstrtox.o
  CC      mm/page_frag_cache.o
  CC      net/netfilter/utils.o
  CC      net/ethtool/tsinfo.o
  CC      drivers/acpi/acpica/exresolv.o
  CC      net/unix/af_unix.o
  AR      net/ipv6/netfilter/built-in.a
  CC      net/ipv6/af_inet6.o
  CC      net/ipv4/ip_options.o
  CC      lib/iomap.o
  CC      arch/x86/kernel/irq.o
  CC      fs/utimes.o
  CC      mm/init-mm.o
  CC      drivers/acpi/acpica/exresop.o
  CC      net/core/sock_reuseport.o
  CC      kernel/exit.o
  CC      drivers/acpi/acpica/exserial.o
  CC      mm/memblock.o
  CC      lib/iomap_copy.o
  AR      net/netfilter/built-in.a
  CC      net/ethtool/cabletest.o
  CC      net/ethtool/tunnels.o
  CC      arch/x86/kernel/irq_64.o
  CC      fs/d_path.o
  CC      lib/devres.o
  CC      drivers/acpi/acpica/exstore.o
  CC      net/ipv4/ip_output.o
  CC      net/ipv6/anycast.o
  CC      lib/bitrev.o
  CC      drivers/acpi/acpica/exstoren.o
  CC      arch/x86/kernel/dumpstack_64.o
  CC      net/core/fib_notifier.o
  CC      lib/xxhash.o
  CC      drivers/acpi/acpica/exstorob.o
  CC      fs/stack.o
  CC      drivers/acpi/tables.o
  CC      kernel/softirq.o
  CC      net/unix/garbage.o
  CC      net/ethtool/fec.o
  CC      arch/x86/kernel/time.o
  CC      drivers/acpi/acpica/exsystem.o
  CC      lib/percpu_counter.o
  CC      fs/fs_struct.o
  CC      mm/slub.o
  CC      net/core/xdp.o
  CC      net/ipv6/ip6_output.o
  CC      arch/x86/kernel/ioport.o
  CC      drivers/acpi/acpica/extrace.o
  CC      lib/syscall.o
  CC      drivers/acpi/osi.o
  CC      kernel/resource.o
  CC      net/ethtool/eeprom.o
  CC      drivers/acpi/acpica/exutils.o
  CC      fs/statfs.o
  CC      net/unix/sysctl_net_unix.o
  CC      lib/nlattr.o
  CC      net/ipv6/ip6_input.o
  CC      arch/x86/kernel/dumpstack.o
  CC      net/ipv4/ip_sockglue.o
  CC      drivers/acpi/acpica/hwacpi.o
  CC      drivers/acpi/acpica/hwesleep.o
  CC      fs/fs_pin.o
  AR      net/unix/built-in.a
  CC      net/ipv4/inet_hashtables.o
  CC      net/ethtool/stats.o
  CC      kernel/sysctl.o
  CC      net/core/flow_offload.o
  CC      arch/x86/kernel/nmi.o
  CC      drivers/acpi/acpica/hwgpe.o
  CC      fs/nsfs.o
  CC      mm/dmapool.o
  CC      lib/cpu_rmap.o
  CC      drivers/acpi/acpica/hwregs.o
  CC      drivers/acpi/osl.o
  CC      net/ipv6/addrconf.o
  CC      lib/dynamic_queue_limits.o
  CC      arch/x86/kernel/setup.o
  CC      kernel/capability.o
  CC      net/core/gro.o
  CC      drivers/acpi/acpica/hwsleep.o
  CC      net/ethtool/phc_vclocks.o
  CC      mm/sparse.o
  CC      drivers/pnp/pnpacpi/core.o
  CC      fs/fs_dirent.o
  CC      drivers/acpi/acpica/hwvalid.o
  CC      fs/fs_context.o
  CC      drivers/pnp/pnpacpi/rsparser.o
  CC      lib/strncpy_from_user.o
  CC      drivers/acpi/acpica/hwxface.o
  CC      kernel/ptrace.o
  CC      net/ipv4/inet_timewait_sock.o
  CC      mm/sparse-vmemmap.o
  CC      arch/x86/kernel/x86_init.o
  CC      net/ethtool/mm.o
  CC      net/ipv4/inet_connection_sock.o
  CC      drivers/acpi/acpica/hwxfsleep.o
  CC      lib/strnlen_user.o
  CC      fs/fs_parser.o
  CC      net/core/netdev-genl.o
  AR      drivers/pnp/pnpacpi/built-in.a
  CC      drivers/acpi/acpica/hwpci.o
  CC      drivers/pnp/core.o
  CC      arch/x86/kernel/i8259.o
  CC      mm/early_ioremap.o
  CC      lib/net_utils.o
  CC      kernel/user.o
  CC      drivers/acpi/acpica/nsaccess.o
  CC      net/ethtool/module.o
  CC      drivers/acpi/utils.o
  CC      fs/fsopen.o
  CC      drivers/pnp/card.o
  CC      arch/x86/kernel/irqinit.o
  CC      drivers/acpi/acpica/nsalloc.o
  CC      kernel/signal.o
  CC      lib/group_cpus.o
  CC      mm/memfd.o
  CC      net/core/netdev-genl-gen.o
  CC      drivers/acpi/acpica/nsarguments.o
  CC      drivers/pnp/driver.o
  CC      net/ipv4/tcp.o
  CC      fs/init.o
  CC      lib/fw_table.o
  CC      net/ethtool/cmis_fw_update.o
  CC      arch/x86/kernel/irq_work.o
  CC      drivers/acpi/acpica/nsconvert.o
  CC      net/packet/af_packet.o
  CC      net/ipv6/addrlabel.o
  CC      drivers/pnp/resource.o
  CC      net/core/netdev_work.o
  AR      lib/lib.a
  AR      mm/built-in.a
  CC      net/core/gso.o
  AR      lib/built-in.a
  CC      drivers/acpi/acpica/nsdump.o
  CC      drivers/acpi/acpica/nseval.o
  CC      fs/kernel_read_file.o
  CC      arch/x86/kernel/probe_roms.o
  AR      drivers/amba/built-in.a
  CC      net/ipv4/tcp_input.o
  CC      drivers/acpi/acpica/nsinit.o
  CC      net/ethtool/cmis_cdb.o
  CC      drivers/pnp/manager.o
  CC      drivers/pnp/support.o
  CC      fs/mnt_idmapping.o
  CC      drivers/acpi/acpica/nsload.o
  CC      net/ipv6/route.o
  CC      kernel/sys.o
  CC      arch/x86/kernel/sys_x86_64.o
  CC      net/core/net-sysfs.o
  CC      drivers/acpi/acpica/nsnames.o
  CC      net/ethtool/pse-pd.o
  CC      drivers/pnp/interface.o
  CC      fs/remap_range.o
  CC      drivers/acpi/acpica/nsobject.o
  CC      net/core/hotdata.o
  CC      arch/x86/kernel/ksysfs.o
  CC      drivers/pnp/quirks.o
  CC      drivers/acpi/acpica/nsparse.o
  CC      fs/pidfs.o
  CC      net/ethtool/plca.o
  AR      net/packet/built-in.a
  CC      drivers/acpi/reboot.o
  CC      drivers/acpi/acpica/nspredef.o
  CC      drivers/acpi/nvs.o
  CC      arch/x86/kernel/bootflag.o
  CC      kernel/umh.o
  AR      net/dsa/built-in.a
  CC      kernel/workqueue.o
  CC      drivers/pnp/system.o
  CC      drivers/acpi/acpica/nsprepkg.o
  CC      net/core/netdev_config.o
  CC      kernel/pid.o
  CC      arch/x86/kernel/e820.o
  CC      net/ipv4/tcp_output.o
  AR      drivers/pnp/built-in.a
  CC      net/ipv4/tcp_timer.o
  CC      drivers/acpi/acpica/nsrepair.o
  CC      net/ethtool/phy.o
  CC      arch/x86/kernel/pci-dma.o
  CC      fs/file_attr.o
  CC      drivers/acpi/acpica/nsrepair2.o
  CC      net/core/netdev_rx_queue.o
  CC      drivers/acpi/wakeup.o
  CC      drivers/acpi/acpica/nssearch.o
  CC      arch/x86/kernel/quirks.o
  CC      net/ethtool/tsconfig.o
  CC      net/ipv6/ip6_fib.o
  CC      fs/fserror.o
  AR      net/wireless/tests/built-in.a
  AR      net/wireless/built-in.a
  AR      drivers/clk/actions/built-in.a
  AR      drivers/clk/analogbits/built-in.a
  AR      drivers/clk/aspeed/built-in.a
  CC      drivers/acpi/acpica/nsutils.o
  AR      drivers/clk/bcm/built-in.a
  AR      drivers/clk/imgtec/built-in.a
  AR      drivers/clk/imx/built-in.a
  AR      drivers/clk/ingenic/built-in.a
  AR      drivers/clk/keystone/built-in.a
  CC      net/devres.o
  AR      drivers/clk/mediatek/built-in.a
  CC      net/socket.o
  AR      drivers/clk/microchip/built-in.a
  AR      drivers/clk/mstar/built-in.a
  AR      drivers/clk/mvebu/built-in.a
  AR      drivers/clk/ralink/built-in.a
  AR      drivers/clk/renesas/built-in.a
  CC      net/sysctl_net.o
  AR      drivers/clk/socfpga/built-in.a
  AR      drivers/clk/sophgo/built-in.a
  AR      drivers/clk/spacemit/built-in.a
  AR      drivers/clk/sprd/built-in.a
  AR      drivers/clk/starfive/built-in.a
  AR      drivers/clk/sunxi-ng/built-in.a
  AR      drivers/clk/tenstorrent/built-in.a
  AR      drivers/clk/ti/built-in.a
  AR      drivers/clk/versatile/built-in.a
  AR      drivers/clk/xilinx/built-in.a
  AR      drivers/clk/built-in.a
  CC      net/ipv4/tcp_ipv4.o
  CC      arch/x86/kernel/kdebugfs.o
  CC      net/core/netdev_queues.o
  CC      drivers/acpi/acpica/nswalk.o
  CC      fs/nullfs.o
  CC      net/ethtool/mse.o
  CC      drivers/acpi/acpica/nsxfeval.o
  CC      drivers/acpi/sleep.o
  CC      arch/x86/kernel/alternative.o
  CC      kernel/task_work.o
  CC      kernel/extable.o
  CC      fs/failfs.o
  CC      drivers/acpi/acpica/nsxfname.o
  CC      net/core/page_pool.o
  CC      net/ipv4/tcp_minisocks.o
  CC      net/ipv6/ipv6_sockglue.o
  CC      net/ipv6/ndisc.o
  CC      net/ipv6/udp.o
  AR      net/ethtool/built-in.a
  CC      drivers/acpi/acpica/nsxfobj.o
  CC      drivers/acpi/acpica/psargs.o
  CC      fs/proc_namespace.o
  CC      arch/x86/kernel/i8253.o
  CC      kernel/params.o
  CC      kernel/kthread.o
  CC      net/core/page_pool_user.o
  CC      drivers/acpi/acpica/psloop.o
  CC      drivers/acpi/acpica/psobject.o
  CC      arch/x86/kernel/hw_breakpoint.o
  CC      fs/eventpoll.o
  CC      drivers/acpi/acpica/psopcode.o
  CC      arch/x86/kernel/tsc.o
  CC      arch/x86/kernel/tsc_msr.o
  CC      fs/anon_inodes.o
  CC      net/ipv4/tcp_cong.o
  CC      drivers/acpi/acpica/psopinfo.o
  CC      drivers/acpi/acpica/psparse.o
  CC      kernel/sys_ni.o
  CC      net/core/net-procfs.o
  CC      net/core/ptp_classifier.o
  CC      drivers/acpi/device_sysfs.o
  CC      fs/signalfd.o
  CC      kernel/nsproxy.o
  CC      drivers/acpi/acpica/psscope.o
  CC      drivers/acpi/acpica/pstree.o
  CC      net/ipv6/raw.o
  CC      fs/eventfd.o
  CC      fs/binfmt_script.o
  CC      drivers/acpi/acpica/psutils.o
  CC      arch/x86/kernel/io_delay.o
  CC      drivers/acpi/acpica/pswalk.o
  CC      net/core/dst_cache.o
  CC      net/ipv4/tcp_metrics.o
  CC      net/core/gro_cells.o
  CC      net/ipv6/icmp.o
  AR      drivers/soc/apple/built-in.a
  AR      drivers/soc/aspeed/built-in.a
  AR      drivers/soc/bcm/built-in.a
  AR      drivers/soc/fsl/built-in.a
  AR      drivers/soc/fujitsu/built-in.a
  AR      drivers/soc/hisilicon/built-in.a
  AR      drivers/soc/imx/built-in.a
  AR      drivers/soc/ixp4xx/built-in.a
  AR      drivers/soc/loongson/built-in.a
  AR      drivers/soc/mediatek/built-in.a
  AR      drivers/soc/microchip/built-in.a
  AR      drivers/soc/nuvoton/built-in.a
  AR      drivers/soc/pxa/built-in.a
  AR      drivers/soc/amlogic/built-in.a
  AR      drivers/soc/qcom/built-in.a
  AR      drivers/soc/renesas/built-in.a
  AR      drivers/soc/rockchip/built-in.a
  AR      drivers/soc/sophgo/built-in.a
  AR      drivers/soc/sunxi/built-in.a
  AR      drivers/soc/ti/built-in.a
  CC      kernel/nstree.o
  AR      drivers/soc/versatile/built-in.a
  AR      drivers/soc/vt8500/built-in.a
  CC      arch/x86/kernel/rtc.o
  AR      drivers/soc/xilinx/built-in.a
  AR      drivers/soc/built-in.a
  CC      drivers/acpi/acpica/psxface.o
  AR      drivers/virtio/built-in.a
  CC      drivers/acpi/acpica/rsaddr.o
  CC      arch/x86/kernel/resource.o
  CC      fs/binfmt_elf.o
  CC      drivers/acpi/acpica/rscalc.o
  CC      net/ipv4/tcp_fastopen.o
  AS      arch/x86/kernel/irqflags.o
  CC      net/ipv6/mcast.o
  CC      drivers/acpi/acpica/rscreate.o
  CC      arch/x86/kernel/static_call.o
  CC      drivers/tty/vt/vt_ioctl.o
  CC      drivers/tty/serial/8250/8250_core.o
  AR      net/core/built-in.a
  CC      drivers/tty/tty_io.o
  CC      drivers/acpi/acpica/rsdumpinfo.o
  CC      kernel/nscommon.o
  CC      arch/x86/kernel/process.o
  CC      fs/drop_caches.o
  CC      drivers/tty/n_tty.o
  CC      drivers/acpi/acpica/rsinfo.o
  CC      arch/x86/kernel/ptrace.o
  CC      drivers/tty/vt/vc_screen.o
  CC      kernel/notifier.o
  CC      drivers/acpi/acpica/rsio.o
  CC      drivers/acpi/acpica/rsirq.o
  CC      net/ipv4/tcp_recovery.o
  CC      drivers/tty/serial/8250/8250_platform.o
  CC      fs/sysctls.o
  CC      kernel/ksysfs.o
  CC      drivers/acpi/acpica/rslist.o
  AR      fs/built-in.a
  CC      drivers/tty/tty_ioctl.o
  CC      drivers/tty/vt/selection.o
  CC      drivers/acpi/device_pm.o
  CC      arch/x86/kernel/step.o
  CC      arch/x86/kernel/stacktrace.o
  CC      drivers/acpi/acpica/rsmemory.o
  CC      drivers/tty/vt/keyboard.o
  CC      drivers/tty/serial/8250/8250_pnp.o
  CC      drivers/tty/serial/8250/8250_port.o
  CC      kernel/cred.o
  CC      drivers/acpi/acpica/rsmisc.o
  CC      net/ipv4/tcp_ulp.o
  CC      drivers/acpi/bus.o
  CC      arch/x86/kernel/reboot.o
  CC      drivers/acpi/acpica/rsserial.o
  AR      drivers/char/agp/built-in.a
  CC      drivers/char/mem.o
  CC      drivers/char/random.o
  CC      net/ipv6/reassembly.o
  CC      net/ipv6/tcp_ipv6.o
  AR      drivers/iommu/arm/arm-smmu/built-in.a
  AR      drivers/iommu/arm/arm-smmu-v3/built-in.a
  AR      drivers/iommu/arm/built-in.a
  AR      drivers/iommu/iommufd/built-in.a
  AR      drivers/iommu/built-in.a
  CC      net/ipv4/tcp_offload.o
  CC      drivers/acpi/acpica/rsutils.o
  CC      kernel/reboot.o
  CC      arch/x86/kernel/early-quirks.o
  CC      drivers/acpi/acpica/rsxface.o
  CC      drivers/tty/vt/vt.o
  CC      drivers/acpi/acpica/tbdata.o
  CC      drivers/tty/serial/serial_core.o
  CC      kernel/async.o
  CC      net/ipv6/ping.o
  CC      drivers/tty/serial/8250/8250_dwlib.o
  CC      drivers/acpi/acpica/tbfadt.o
  CC      drivers/char/misc.o
  COPY    drivers/tty/vt/defkeymap.c
  CC      drivers/acpi/glue.o
  CC      net/ipv4/tcp_plb.o
  CC      arch/x86/kernel/smp.o
  CC      kernel/range.o
  CC      drivers/acpi/acpica/tbfind.o
  CC      kernel/smpboot.o
  CC      arch/x86/kernel/smpboot.o
  CC      drivers/tty/serial/8250/8250_pcilib.o
  AR      drivers/char/built-in.a
  CC      drivers/tty/vt/consolemap.o
  CC      drivers/acpi/acpica/tbinstal.o
  CC      net/ipv6/exthdrs.o
  CC      drivers/acpi/scan.o
  CC      kernel/ucount.o
  CC      kernel/regset.o
  CC      drivers/tty/serial/serial_base_bus.o
  CC      drivers/acpi/acpica/tbprint.o
  CC      drivers/tty/serial/8250/8250_early.o
  CC      net/ipv4/datagram.o
  CC      drivers/tty/serial/8250/8250_exar.o
  CC      kernel/ksyms_common.o
  CC      kernel/groups.o
  CC      drivers/acpi/acpica/tbutils.o
  CC      arch/x86/kernel/tsc_sync.o
  HOSTCC  drivers/tty/vt/conmakehash
  CC      drivers/acpi/mipi-disco-img.o
  CC      drivers/acpi/resource.o
  COPY    drivers/tty/vt/ucs_width_table.h
  COPY    drivers/tty/vt/ucs_recompose_table.h
  COPY    drivers/tty/vt/ucs_fallback_table.h
  CC      drivers/tty/vt/defkeymap.o
  AR      drivers/gpu/host1x/built-in.a
  CC      drivers/acpi/acpica/tbxface.o
  CONMK   drivers/tty/vt/consolemap_deftbl.c
  CC      drivers/tty/vt/ucs.o
  AR      drivers/gpu/drm/tests/built-in.a
  AR      drivers/gpu/drm/arm/built-in.a
  CC      arch/x86/kernel/setup_percpu.o
  AR      drivers/gpu/drm/clients/built-in.a
  AR      drivers/gpu/drm/display/built-in.a
  CC      drivers/tty/tty_ldisc.o
  CC      drivers/tty/vt/consolemap_deftbl.o
  AR      drivers/gpu/drm/renesas/rcar-du/built-in.a
  AR      drivers/gpu/drm/renesas/rz-du/built-in.a
  CC      net/ipv4/raw.o
  AR      drivers/gpu/drm/renesas/built-in.a
  AR      drivers/tty/vt/built-in.a
  AR      drivers/gpu/drm/omapdrm/built-in.a
  AR      drivers/base/power/built-in.a
  AR      drivers/gpu/drm/tilcdc/built-in.a
  AR      drivers/gpu/drm/imx/built-in.a
  CC      drivers/base/firmware_loader/builtin/main.o
  CC      net/ipv4/udp.o
  AR      drivers/gpu/drm/panel/built-in.a
  AR      drivers/gpu/drm/bridge/analogix/built-in.a
  CC      net/ipv6/datagram.o
  AR      drivers/gpu/drm/bridge/cadence/built-in.a
  AR      drivers/gpu/drm/bridge/imx/built-in.a
  CC      kernel/smp.o
  CC      drivers/tty/serial/8250/8250_lpss.o
  AR      drivers/gpu/drm/bridge/synopsys/built-in.a
  AR      drivers/gpu/drm/bridge/built-in.a
  AR      drivers/gpu/drm/hisilicon/built-in.a
  AR      drivers/gpu/drm/mxsfb/built-in.a
  CC      drivers/acpi/acpica/tbxfload.o
  AR      drivers/gpu/drm/sysfb/built-in.a
  AR      drivers/gpu/drm/tiny/built-in.a
  CC      drivers/tty/serial/serial_ctrl.o
  AR      drivers/gpu/drm/xlnx/built-in.a
  AR      drivers/gpu/drm/gud/built-in.a
  AR      drivers/gpu/drm/sitronix/built-in.a
  AR      drivers/gpu/drm/solomon/built-in.a
  AR      drivers/gpu/drm/built-in.a
  AR      drivers/gpu/vga/built-in.a
  AR      drivers/gpu/tests/built-in.a
  CC      drivers/tty/serial/8250/8250_mid.o
  AR      drivers/gpu/built-in.a
  CC      drivers/tty/serial/8250/8250_mxpcie.o
  AR      drivers/base/firmware_loader/builtin/built-in.a
  AR      drivers/base/firmware_loader/built-in.a
  AR      drivers/base/test/built-in.a
  CC      drivers/base/component.o
  CC      arch/x86/kernel/mpparse.o
  CC      drivers/acpi/acpica/tbxfroot.o
  CC      arch/x86/kernel/trace_clock.o
  CC      drivers/base/core.o
  CC      drivers/base/bus.o
  CC      kernel/kallsyms.o
  CC      net/ipv4/udp_offload.o
  CC      drivers/acpi/acpica/utaddress.o
  CC      net/ipv4/arp.o
  AR      drivers/block/built-in.a
  CC      drivers/acpi/acpica/utalloc.o
  CC      drivers/tty/serial/8250/8250_pci.o
  CC      drivers/acpi/acpi_processor.o
  CC      arch/x86/kernel/hpet.o
  CC      drivers/acpi/acpica/utascii.o
  CC      net/ipv4/icmp.o
  CC      drivers/acpi/processor_core.o
  CC      net/ipv6/ip6_flowlabel.o
  CC      drivers/acpi/acpica/utbuffer.o
  CC      kernel/utsname.o
  CC      kernel/pid_namespace.o
  CC      arch/x86/kernel/amd_nb.o
  CC      drivers/acpi/acpica/utcksum.o
  UPD     kernel/config_data
  CC      drivers/acpi/acpica/utcopy.o
  CC      drivers/tty/serial/serial_port.o
  CC      drivers/tty/serial/8250/8250_pericom.o
  CC      drivers/base/dd.o
  CC      drivers/base/syscore.o
  CC      kernel/stop_machine.o
  CC      kernel/utsname_sysctl.o
  CC      drivers/acpi/acpica/utexcep.o
  CC      arch/x86/kernel/amd_node.o
  CC      net/ipv6/inet6_connection_sock.o
  CC      drivers/acpi/acpica/utdebug.o
  CC      net/ipv6/udp_offload.o
  CC      net/ipv6/seg6.o
  AR      drivers/tty/serial/8250/built-in.a
  CC      kernel/irq_work.o
  CC      arch/x86/kernel/kvm.o
  CC      drivers/tty/serial/earlycon.o
  CC      net/ipv4/devinet.o
  CC      drivers/acpi/acpica/utdecode.o
  CC      drivers/acpi/acpica/utdelete.o
  CC      drivers/base/driver.o
  CC      drivers/acpi/processor_pdc.o
  CC      drivers/base/class.o
  CC      kernel/static_call.o
  AR      drivers/tty/serial/built-in.a
  CC      drivers/acpi/ec.o
  CC      drivers/tty/tty_buffer.o
  CC      net/ipv4/af_inet.o
  CC      drivers/acpi/acpica/uterror.o
  CC      drivers/acpi/pci_root.o
  CC      kernel/static_call_inline.o
  CC      drivers/tty/tty_port.o
  CC      drivers/tty/tty_mutex.o
  CC      net/ipv6/fib6_notifier.o
  CC      drivers/acpi/acpica/uteval.o
  CC      drivers/base/platform.o
  CC      arch/x86/kernel/kvmclock.o
  CC      drivers/misc/eeprom/eeprom_93cx6.o
  CC      kernel/context_tracking.o
  CC      drivers/acpi/acpica/utglobal.o
  AR      drivers/mfd/built-in.a
  CC      drivers/tty/tty_ldsem.o
  CC      arch/x86/kernel/paravirt.o
  AR      drivers/misc/eeprom/built-in.a
  CC      net/ipv6/rpl.o
  AR      drivers/misc/cb710/built-in.a
  AR      drivers/misc/lis3lv02d/built-in.a
  CC      drivers/misc/mei/init.o
  CC      drivers/acpi/acpica/uthex.o
  CC      drivers/acpi/acpica/utids.o
  CC      drivers/acpi/pci_link.o
  AR      drivers/nfc/built-in.a
  CC      arch/x86/kernel/paravirt-spinlocks.o
  AR      drivers/dax/hmem/built-in.a
  AR      drivers/dax/built-in.a
  CC      drivers/acpi/pci_irq.o
  CC      kernel/iomem.o
  CC      drivers/misc/mei/hbm.o
  CC      drivers/base/cpu.o
  CC      drivers/tty/tty_baudrate.o
  CC      drivers/acpi/acpica/utinit.o
  CC      drivers/tty/tty_jobctrl.o
  CC      arch/x86/kernel/pvclock.o
  CC      drivers/acpi/acpica/utlock.o
  CC      net/ipv4/igmp.o
  GZIP    kernel/config_data.gz
  CC      drivers/misc/mei/interrupt.o
  CC      kernel/configs.o
  CC      drivers/misc/mei/client.o
  AR      drivers/cxl/core/built-in.a
  CC      drivers/acpi/acpica/utmath.o
  AR      drivers/cxl/built-in.a
  CC      arch/x86/kernel/perf_regs.o
  CC      net/ipv6/ioam6.o
  CC      drivers/base/firmware.o
  CC      arch/x86/kernel/itmt.o
  CC      drivers/acpi/acpica/utmisc.o
  CC      drivers/misc/mei/main.o
  CC      drivers/tty/n_null.o
  CC      drivers/acpi/acpica/utmutex.o
  AR      kernel/built-in.a
  CC      drivers/base/init.o
  CC      drivers/acpi/acpica/utnonansi.o
  CC      drivers/acpi/acpica/utobject.o
  CC      drivers/misc/mei/dma-ring.o
  CC      drivers/acpi/acpica/utosi.o
  CC      arch/x86/kernel/unwind_guess.o
  CC      drivers/acpi/acpi_apd.o
  CC      drivers/tty/pty.o
  AR      drivers/macintosh/built-in.a
  CC      drivers/base/map.o
  CC      net/ipv4/fib_frontend.o
  CC      drivers/base/devres.o
  CC      drivers/acpi/acpica/utownerid.o
  CC      drivers/base/attribute_container.o
  CC      drivers/base/transport_class.o
  AR      drivers/misc/cardreader/built-in.a
  AR      drivers/scsi/built-in.a
  CC      drivers/base/topology.o
  CC      arch/x86/kernel/mmconf-fam10h_64.o
  CC      drivers/base/container.o
  CC      drivers/misc/mei/bus.o
  CC      drivers/base/property.o
  CC      drivers/acpi/acpica/utpredef.o
  CC      net/ipv4/fib_semantics.o
  CC      net/ipv6/sysctl_net_ipv6.o
  AR      drivers/tty/built-in.a
  CC      drivers/acpi/acpica/utresdecode.o
  AR      drivers/misc/keba/built-in.a
  CC      arch/x86/kernel/vsmp_64.o
  CC      net/ipv6/netfilter.o
  CC      net/ipv6/proc.o
  AR      drivers/nvme/common/built-in.a
  CC      drivers/acpi/acpi_platform.o
  AR      drivers/nvme/host/built-in.a
  AR      drivers/nvme/target/built-in.a
  AR      drivers/nvme/built-in.a
  LDS     arch/x86/kernel/vmlinux.lds
  AR      drivers/misc/amd-sbi/built-in.a
  CC      drivers/misc/mei/bus-fixup.o
  CC      drivers/acpi/acpica/utresrc.o
  CC      drivers/acpi/acpi_pnp.o
  AR      arch/x86/kernel/built-in.a
  AR      arch/x86/built-in.a
  CC      drivers/acpi/acpica/utstate.o
  CC      net/ipv4/fib_trie.o
  CC      net/ipv6/sit.o
  CC      drivers/base/cacheinfo.o
  CC      drivers/acpi/power.o
  CC      drivers/base/swnode.o
  CC      drivers/acpi/acpica/utstring.o
  CC      drivers/acpi/acpica/utstrsuppt.o
  CC      drivers/acpi/acpica/utstrtoul64.o
  CC      drivers/misc/mei/pci-me.o
  CC      net/ipv4/fib_notifier.o
  CC      net/ipv6/addrconf_core.o
  CC      net/ipv6/exthdrs_core.o
  CC      drivers/acpi/acpica/utxface.o
  CC      net/ipv4/inet_fragment.o
  CC      net/ipv4/ping.o
  CC      drivers/base/faux.o
  CC      drivers/base/auxiliary.o
  CC      drivers/misc/mei/hw-me.o
  CC      drivers/acpi/acpica/utxfinit.o
  CC      drivers/base/devtmpfs.o
  CC      drivers/acpi/event.o
  CC      drivers/acpi/acpica/utxferror.o
  CC      net/ipv4/ip_tunnel_core.o
  CC      drivers/acpi/acpica/utxfmutex.o
  CC      drivers/acpi/evged.o
  AR      drivers/net/phy/mediatek/built-in.a
  AR      drivers/net/phy/qcom/built-in.a
  AR      drivers/net/phy/built-in.a
  AR      drivers/net/pse-pd/built-in.a
  CC      net/ipv6/ip6_checksum.o
  AR      drivers/net/mdio/built-in.a
  AR      drivers/net/pcs/built-in.a
  AR      drivers/net/ethernet/3com/built-in.a
  AR      drivers/net/ethernet/8390/built-in.a
  AR      drivers/net/ethernet/adaptec/built-in.a
  CC      drivers/acpi/sysfs.o
  AR      drivers/net/ethernet/agere/built-in.a
  AR      drivers/net/ethernet/alacritech/built-in.a
  AR      drivers/net/ethernet/alibaba/built-in.a
  AR      drivers/net/ethernet/amazon/built-in.a
  AR      drivers/net/ethernet/amd/built-in.a
  AR      drivers/net/ethernet/aquantia/built-in.a
  AR      drivers/net/ethernet/arc/built-in.a
  AR      drivers/net/ethernet/asix/built-in.a
  AR      drivers/net/ethernet/atheros/built-in.a
  AR      drivers/acpi/acpica/built-in.a
  AR      drivers/net/ethernet/cadence/built-in.a
  AR      drivers/net/ethernet/broadcom/built-in.a
  AR      drivers/net/ethernet/brocade/built-in.a
  CC      drivers/base/auxiliary_sysfs.o
  CC      net/ipv4/gre_offload.o
  AR      drivers/net/ethernet/cavium/common/built-in.a
  AR      drivers/misc/mei/built-in.a
  AR      drivers/net/ethernet/cavium/thunder/built-in.a
  AR      drivers/misc/built-in.a
  AR      drivers/net/ethernet/cavium/liquidio/built-in.a
  CC      net/ipv4/metrics.o
  CC      net/ipv6/ip6_icmp.o
  AR      drivers/net/ethernet/cavium/octeon/built-in.a
  AR      drivers/net/ethernet/cavium/built-in.a
  AR      drivers/net/ethernet/chelsio/built-in.a
  AR      drivers/net/ethernet/cisco/built-in.a
  AR      drivers/net/ethernet/cortina/built-in.a
  AR      drivers/net/ethernet/dec/built-in.a
  AR      drivers/net/ethernet/dlink/built-in.a
  CC      drivers/acpi/property.o
  AR      drivers/net/ethernet/emulex/built-in.a
  AR      drivers/net/ethernet/engleder/built-in.a
  AR      drivers/net/ethernet/ezchip/built-in.a
  AR      drivers/firewire/built-in.a
  AR      drivers/net/ethernet/fungible/built-in.a
  CC      drivers/acpi/acpi_lpat.o
  AR      drivers/net/ethernet/google/built-in.a
  AR      drivers/net/ethernet/hisilicon/built-in.a
  AR      drivers/net/ethernet/huawei/built-in.a
  AR      drivers/net/wireless/admtek/built-in.a
  AR      drivers/net/wireless/ath/built-in.a
  AR      drivers/net/ethernet/intel/libie/built-in.a
  AR      drivers/net/ethernet/intel/built-in.a
  AR      drivers/net/wireless/atmel/built-in.a
  AR      drivers/net/wireless/broadcom/built-in.a
  CC      drivers/base/physical_location.o
  AR      drivers/net/ethernet/i825xx/built-in.a
  AR      drivers/net/wireless/intel/built-in.a
  AR      drivers/net/ethernet/microsoft/built-in.a
  AR      drivers/net/wireless/intersil/built-in.a
  AR      drivers/net/ethernet/litex/built-in.a
  AR      drivers/net/wireless/marvell/built-in.a
  AR      drivers/net/ethernet/marvell/octeon_ep/built-in.a
  AR      drivers/net/wireless/mediatek/built-in.a
  AR      drivers/net/ethernet/marvell/octeon_ep_vf/built-in.a
  AR      drivers/net/wireless/microchip/built-in.a
  AR      drivers/net/ethernet/marvell/octeontx2/built-in.a
  AR      drivers/net/wireless/morsemicro/built-in.a
  AR      drivers/net/ethernet/marvell/prestera/built-in.a
  AR      drivers/net/wireless/nxp/built-in.a
  AR      drivers/net/ethernet/marvell/built-in.a
  AR      drivers/net/wireless/purelifi/built-in.a
  AR      drivers/net/ethernet/mellanox/built-in.a
  AR      drivers/net/wireless/quantenna/built-in.a
  AR      drivers/net/ethernet/meta/built-in.a
  AR      drivers/net/wireless/ralink/built-in.a
  AR      drivers/net/ethernet/micrel/built-in.a
  AR      drivers/net/wireless/realtek/built-in.a
  AR      drivers/net/ethernet/microchip/built-in.a
  AR      drivers/net/wireless/rsi/built-in.a
  AR      drivers/net/wireless/silabs/built-in.a
  AR      drivers/net/ethernet/mscc/built-in.a
  AR      drivers/net/ethernet/mucse/built-in.a
  AR      drivers/net/wireless/st/built-in.a
  AR      drivers/net/wireless/ti/built-in.a
  CC      net/ipv4/netlink.o
  AR      drivers/net/ethernet/myricom/built-in.a
  AR      drivers/net/wireless/zydas/built-in.a
  AR      drivers/net/ethernet/natsemi/built-in.a
  AR      drivers/net/wireless/virtual/built-in.a
  AR      drivers/net/wireless/built-in.a
  AR      drivers/net/ethernet/netronome/built-in.a
  AR      drivers/net/ethernet/ni/built-in.a
  CC      drivers/acpi/acpi_lpit.o
  AR      drivers/net/ethernet/nvidia/built-in.a
  CC      drivers/net/loopback.o
  AR      drivers/net/ethernet/oki-semi/built-in.a
  AR      drivers/net/ethernet/qlogic/built-in.a
  AR      drivers/net/ethernet/qualcomm/emac/built-in.a
  AR      drivers/net/ethernet/qualcomm/built-in.a
  AR      drivers/net/ethernet/realtek/built-in.a
  AR      drivers/net/ethernet/renesas/built-in.a
  AR      drivers/net/ethernet/rdc/built-in.a
  CC      net/ipv6/output_core.o
  AR      drivers/net/ethernet/rocker/built-in.a
  AR      drivers/net/ethernet/samsung/built-in.a
  AR      drivers/net/ethernet/seeq/built-in.a
  AR      drivers/net/ethernet/silan/built-in.a
  AR      drivers/base/built-in.a
  AR      drivers/net/ethernet/sis/built-in.a
  CC      net/ipv6/protocol.o
  AR      drivers/net/ethernet/sfc/built-in.a
  CC      drivers/acpi/acpi_pcc.o
  AR      drivers/net/ethernet/smsc/built-in.a
  AR      drivers/net/ethernet/socionext/built-in.a
  AR      drivers/net/ethernet/stmicro/built-in.a
  AR      drivers/net/ethernet/sun/built-in.a
  AR      drivers/net/ethernet/tehuti/built-in.a
  AR      drivers/net/ethernet/ti/built-in.a
  AR      drivers/net/ethernet/vertexcom/built-in.a
  AR      drivers/net/ethernet/via/built-in.a
  CC      net/ipv4/nexthop.o
  AR      drivers/net/ethernet/wangxun/built-in.a
  AR      drivers/net/ethernet/wiznet/built-in.a
  AR      drivers/net/ethernet/xilinx/built-in.a
  AR      drivers/net/ethernet/synopsys/built-in.a
  AR      drivers/net/ethernet/pensando/built-in.a
  AR      drivers/net/ethernet/zte/built-in.a
  AR      drivers/net/ethernet/built-in.a
  CC      net/ipv4/udp_tunnel_stub.o
  CC      drivers/net/veth.o
  CC      drivers/acpi/acpi_mrrm.o
  CC      drivers/acpi/ac.o
  CC      drivers/acpi/button.o
  CC      drivers/acpi/fan_core.o
  AR      drivers/cdrom/built-in.a
  CC      net/ipv4/ip_tunnel.o
  CC      net/ipv4/sysctl_net_ipv4.o
  CC      net/ipv4/proc.o
  CC      net/ipv4/tunnel4.o
  CC      net/ipv4/netfilter.o
  CC      net/ipv4/inet_diag.o
  CC      net/ipv6/ip6_offload.o
  CC      net/ipv6/exthdrs_offload.o
  CC      drivers/acpi/fan_attr.o
  CC      drivers/acpi/processor_driver.o
  CC      net/ipv4/tcp_diag.o
  CC      drivers/acpi/processor_thermal.o
  CC      drivers/acpi/processor_idle.o
  CC      net/ipv6/inet6_hashtables.o
  CC      net/ipv4/tcp_cubic.o
  CC      drivers/acpi/processor_throttling.o
  AR      drivers/net/built-in.a
  CC      net/ipv6/mcast_snoop.o
  CC      drivers/acpi/processor_perflib.o
  CC      net/ipv6/ndisc_snoop.o
  AR      drivers/auxdisplay/built-in.a
  CC      drivers/acpi/container.o
  AR      drivers/usb/built-in.a
  CC      drivers/acpi/thermal_lib.o
  CC      drivers/acpi/thermal.o
  CC      drivers/acpi/platform_profile.o
  CC      drivers/acpi/acpi_memhotplug.o
  CC      drivers/acpi/ioapic.o
  CC      drivers/acpi/battery.o
  CC      drivers/acpi/cppc_acpi.o
  CC      drivers/input/serio/serio.o
  CC      drivers/input/keyboard/atkbd.o
  CC      drivers/input/mouse/psmouse-base.o
  CC      drivers/input/mouse/synaptics.o
  CC      drivers/acpi/spcr.o
  CC      drivers/rtc/lib.o
  AR      net/ipv4/built-in.a
  CC      drivers/rtc/rtc-mc146818-lib.o
  AR      drivers/i2c/algos/built-in.a
  AR      drivers/i2c/busses/built-in.a
  AR      drivers/i2c/muxes/built-in.a
  AR      drivers/i2c/built-in.a
  AR      drivers/i3c/built-in.a
  AR      drivers/media/i2c/built-in.a
  AR      drivers/media/tuners/built-in.a
  AR      net/ipv6/built-in.a
  AR      net/built-in.a
  AR      drivers/media/rc/keymaps/built-in.a
  AR      drivers/media/rc/built-in.a
  AR      drivers/media/common/b2c2/built-in.a
  AR      drivers/media/platform/allegro-dvt/built-in.a
  AR      drivers/media/common/saa7146/built-in.a
  AR      drivers/media/platform/amd/isp4/built-in.a
  AR      drivers/media/common/siano/built-in.a
  AR      drivers/media/platform/amd/built-in.a
  AR      drivers/media/common/v4l2-tpg/built-in.a
  AR      drivers/media/common/videobuf2/built-in.a
  AR      drivers/media/common/built-in.a
  AR      drivers/media/platform/amlogic/c3/isp/built-in.a
  CC      drivers/input/mouse/focaltech.o
  CC      drivers/input/mouse/alps.o
  AR      drivers/media/platform/amlogic/c3/mipi-adapter/built-in.a
  AR      drivers/media/platform/amlogic/c3/mipi-csi2/built-in.a
  AR      drivers/media/platform/amlogic/c3/built-in.a
  AR      drivers/media/platform/amlogic/meson-ge2d/built-in.a
  AR      drivers/media/platform/amlogic/built-in.a
  AR      drivers/media/platform/amphion/built-in.a
  AR      drivers/media/platform/arm/mali-c55/built-in.a
  AR      drivers/media/platform/arm/built-in.a
  CC      drivers/input/serio/i8042.o
  AR      drivers/media/platform/aspeed/built-in.a
  AR      drivers/media/platform/atmel/built-in.a
  AR      drivers/media/platform/broadcom/built-in.a
  AR      drivers/media/platform/cadence/built-in.a
  AR      drivers/media/platform/chips-media/coda/built-in.a
  AR      drivers/media/platform/chips-media/wave5/built-in.a
  AR      drivers/media/platform/chips-media/built-in.a
  AR      drivers/media/platform/dreamchip/rppx1/built-in.a
  AR      drivers/media/platform/dreamchip/built-in.a
  AR      drivers/media/platform/imagination/built-in.a
  AR      drivers/media/platform/intel/built-in.a
  AR      drivers/media/pci/ttpci/built-in.a
  AR      drivers/media/platform/marvell/built-in.a
  AR      drivers/media/pci/b2c2/built-in.a
  CC      drivers/input/input.o
  AR      drivers/media/platform/microchip/built-in.a
  CC      drivers/input/serio/serport.o
  AR      drivers/media/platform/mediatek/jpeg/built-in.a
  AR      drivers/media/pci/pluto2/built-in.a
  AR      drivers/media/platform/mediatek/mdp/built-in.a
  AR      drivers/media/pci/dm1105/built-in.a
  AR      drivers/rtc/built-in.a
  CC      drivers/input/serio/libps2.o
  AR      drivers/media/platform/mediatek/vcodec/common/built-in.a
  AR      drivers/media/pci/pt1/built-in.a
  AR      drivers/media/platform/mediatek/vcodec/encoder/built-in.a
  AR      drivers/media/pci/pt3/built-in.a
  AR      drivers/media/pci/mantis/built-in.a
  AR      drivers/media/platform/mediatek/vcodec/decoder/built-in.a
  AR      drivers/media/pci/ngene/built-in.a
  AR      drivers/media/platform/mediatek/vcodec/built-in.a
  AR      drivers/media/pci/ddbridge/built-in.a
  AR      drivers/media/platform/mediatek/vpu/built-in.a
  AR      drivers/media/platform/mediatek/mdp3/built-in.a
  AR      drivers/media/pci/saa7146/built-in.a
  AR      drivers/media/pci/smipcie/built-in.a
  AR      drivers/media/platform/mediatek/built-in.a
  AR      drivers/input/keyboard/built-in.a
  AR      drivers/media/pci/netup_unidvb/built-in.a
  AR      drivers/media/platform/nuvoton/built-in.a
  CC      drivers/input/input-compat.o
  AR      drivers/media/pci/intel/ipu3/built-in.a
  AR      drivers/acpi/built-in.a
  AR      drivers/media/platform/nvidia/tegra-vde/built-in.a
  AR      drivers/media/pci/intel/ivsc/built-in.a
  AR      drivers/media/platform/nvidia/built-in.a
  AR      drivers/media/pci/intel/built-in.a
  AR      drivers/media/pci/built-in.a
  AR      drivers/media/platform/nxp/dw100/built-in.a
  AR      drivers/media/platform/qcom/camss/built-in.a
  AR      drivers/media/platform/nxp/imx-jpeg/built-in.a
  AR      drivers/media/platform/nxp/imx8-isi/built-in.a
  AR      drivers/media/platform/raspberrypi/pisp_be/built-in.a
  AR      drivers/media/platform/qcom/iris/built-in.a
  AR      drivers/media/platform/nxp/built-in.a
  AR      drivers/media/platform/qcom/venus/built-in.a
  AR      drivers/media/platform/raspberrypi/rp1-cfe/built-in.a
  CC      drivers/input/input-mt.o
  AR      drivers/media/platform/raspberrypi/built-in.a
  AR      drivers/media/platform/qcom/built-in.a
  AR      drivers/pps/clients/built-in.a
  AR      drivers/media/platform/renesas/rcar-isp/built-in.a
  CC      drivers/pps/pps.o
  CC      drivers/input/mouse/byd.o
  AR      drivers/media/platform/renesas/rcar-vin/built-in.a
  AR      drivers/media/platform/renesas/rzg2l-cru/built-in.a
  AR      drivers/media/platform/renesas/rzv2h-ivc/built-in.a
  AR      drivers/media/platform/renesas/vsp1/built-in.a
  AR      drivers/media/platform/renesas/built-in.a
  CC      drivers/pps/kapi.o
  AR      drivers/media/platform/rockchip/rga/built-in.a
  AR      drivers/media/platform/rockchip/rkcif/built-in.a
  AR      drivers/media/platform/rockchip/rkisp1/built-in.a
  AR      drivers/media/platform/rockchip/rkvdec/built-in.a
  AR      drivers/media/platform/rockchip/built-in.a
  AR      drivers/media/platform/samsung/exynos-gsc/built-in.a
  AR      drivers/media/platform/samsung/exynos4-is/built-in.a
  AR      drivers/media/platform/samsung/s3c-camif/built-in.a
  AR      drivers/media/platform/samsung/s5p-g2d/built-in.a
  AR      drivers/media/platform/st/sti/bdisp/built-in.a
  AR      drivers/media/platform/samsung/s5p-jpeg/built-in.a
  AR      drivers/media/platform/st/sti/delta/built-in.a
  AR      drivers/media/platform/samsung/s5p-mfc/built-in.a
  AR      drivers/media/platform/samsung/built-in.a
  AR      drivers/media/platform/st/sti/hva/built-in.a
  AR      drivers/media/platform/st/stm32/built-in.a
  CC      drivers/ptp/ptp_clock.o
  AR      drivers/media/platform/st/built-in.a
  AR      drivers/media/platform/sunxi/sun4i-csi/built-in.a
  AR      drivers/media/platform/sunxi/sun6i-csi/built-in.a
  AR      drivers/media/platform/sunxi/sun6i-mipi-csi2/built-in.a
  AR      drivers/media/platform/sunxi/sun8i-a83t-mipi-csi2/built-in.a
  CC      drivers/ptp/ptp_chardev.o
  AR      drivers/media/platform/sunxi/sun8i-di/built-in.a
  AR      drivers/media/platform/sunxi/sun8i-rotate/built-in.a
  AR      drivers/media/platform/sunxi/built-in.a
  AR      drivers/media/platform/synopsys/hdmirx/built-in.a
  CC      drivers/pps/sysfs.o
  AR      drivers/media/platform/synopsys/built-in.a
  AR      drivers/media/platform/ti/am437x/built-in.a
  AR      drivers/media/platform/ti/cal/built-in.a
  AR      drivers/media/platform/ti/vpe/built-in.a
  CC      drivers/ptp/ptp_sysfs.o
  AR      drivers/media/platform/ti/davinci/built-in.a
  AR      drivers/media/platform/ti/j721e-csi2rx/built-in.a
  AR      drivers/media/platform/ti/omap/built-in.a
  AR      drivers/media/platform/ti/omap3isp/built-in.a
  AR      drivers/media/platform/ti/built-in.a
  AR      drivers/media/platform/verisilicon/built-in.a
  AR      drivers/media/platform/via/built-in.a
  AR      drivers/media/platform/xilinx/built-in.a
  CC      drivers/ptp/ptp_vclock.o
  AR      drivers/media/platform/built-in.a
  AR      drivers/media/usb/b2c2/built-in.a
  AR      drivers/input/serio/built-in.a
  AR      drivers/media/mmc/siano/built-in.a
  AR      drivers/media/usb/dvb-usb/built-in.a
  AR      drivers/media/mmc/built-in.a
  CC      drivers/ptp/ptp_kvm_x86.o
  AR      drivers/media/usb/dvb-usb-v2/built-in.a
  AR      drivers/media/usb/s2255/built-in.a
  CC      drivers/cpufreq/cpufreq.o
  CC      drivers/power/supply/power_supply_core.o
  AR      drivers/media/usb/siano/built-in.a
  AR      drivers/thermal/broadcom/built-in.a
  AR      drivers/thermal/renesas/built-in.a
  AR      drivers/media/usb/ttusb-budget/built-in.a
  AR      drivers/media/usb/ttusb-dec/built-in.a
  AR      drivers/media/usb/built-in.a
  AR      drivers/thermal/samsung/built-in.a
  AR      drivers/media/firewire/built-in.a
  CC      drivers/thermal/intel/intel_tcc.o
  AR      drivers/media/spi/built-in.a
  AR      drivers/media/test-drivers/built-in.a
  AR      drivers/media/built-in.a
  CC      drivers/input/input-poller.o
  CC      drivers/input/mouse/logips2pp.o
  AR      drivers/pps/built-in.a
  CC      drivers/input/ff-core.o
  CC      drivers/thermal/intel/x86_pkg_temp_thermal.o
  CC      drivers/ptp/ptp_kvm_common.o
  CC      drivers/cpufreq/freq_table.o
  CC      drivers/cpufreq/cpufreq_performance.o
  CC      drivers/power/supply/power_supply_sysfs.o
  AR      drivers/thermal/st/built-in.a
  CC      drivers/ptp/ptp_vmclock.o
  CC      drivers/input/mouse/trackpoint.o
  CC      drivers/input/mouse/cypress_ps2.o
  CC      drivers/thermal/intel/therm_throt.o
  AR      drivers/thermal/qcom/built-in.a
  CC      drivers/input/touchscreen.o
  CC      drivers/cpuidle/governors/menu.o
  AR      drivers/thermal/tegra/built-in.a
  CC      drivers/input/touch-overlay.o
  CC      drivers/cpuidle/governors/haltpoll.o
  CC      drivers/input/vivaldi-fmap.o
  AR      drivers/power/supply/built-in.a
  AR      drivers/power/built-in.a
  CC      drivers/cpuidle/cpuidle.o
  CC      drivers/cpufreq/cpufreq_governor_attr_set.o
  CC      drivers/cpufreq/amd-pstate.o
  AR      drivers/input/mouse/built-in.a
  AR      drivers/thermal/mediatek/built-in.a
  AR      drivers/thermal/spacemit/built-in.a
  CC      drivers/thermal/thermal_core.o
  CC      drivers/thermal/thermal_sysfs.o
  CC      drivers/thermal/thermal_trip.o
  CC      drivers/thermal/thermal_helpers.o
  AR      drivers/ptp/built-in.a
  AR      drivers/input/built-in.a
  CC      drivers/cpufreq/amd-pstate-trace.o
  CC      drivers/cpuidle/driver.o
  CC      drivers/cpufreq/intel_pstate.o
  CC      drivers/thermal/thermal_thresholds.o
  AR      drivers/cpuidle/governors/built-in.a
  CC      drivers/cpuidle/governor.o
  AR      drivers/thermal/intel/built-in.a
  CC      drivers/thermal/thermal_netlink.o
  AR      drivers/mmc/built-in.a
  CC      drivers/thermal/gov_step_wise.o
  AR      drivers/ufs/built-in.a
  AR      drivers/firmware/arm_ffa/built-in.a
  AR      drivers/firmware/arm_scmi/built-in.a
  AR      drivers/firmware/broadcom/built-in.a
  CC      drivers/cpuidle/sysfs.o
  AR      drivers/firmware/cirrus/test/built-in.a
  AR      drivers/firmware/cirrus/built-in.a
  AR      drivers/firmware/meson/built-in.a
  AR      drivers/firmware/microchip/built-in.a
  AR      drivers/firmware/efi/built-in.a
  AR      drivers/firmware/imx/built-in.a
  AR      drivers/firmware/psci/built-in.a
  AR      drivers/firmware/qcom/built-in.a
  CC      drivers/clocksource/acpi_pm.o
  AR      drivers/firmware/samsung/built-in.a
  AR      drivers/firmware/smccc/built-in.a
  AR      drivers/firmware/tegra/built-in.a
  AR      drivers/firmware/xilinx/built-in.a
  AR      drivers/firmware/built-in.a
  CC      drivers/clocksource/i8253.o
  CC      drivers/hid/hid-core.o
  AR      drivers/platform/x86/amd/built-in.a
  AR      drivers/platform/x86/lenovo/built-in.a
  AR      drivers/platform/x86/intel/built-in.a
  AR      drivers/platform/x86/uniwill/built-in.a
  CC      drivers/cpuidle/poll_state.o
  AR      drivers/platform/x86/tuxedo/nb04/built-in.a
  AR      drivers/platform/x86/tuxedo/built-in.a
  AR      drivers/platform/x86/built-in.a
  AR      drivers/platform/built-in.a
  CC      drivers/cpuidle/cpuidle-haltpoll.o
  CC      drivers/hid/hid-input.o
  CC      drivers/mailbox/mailbox.o
  CC      drivers/mailbox/pcc.o
  CC      drivers/hid/hid-quirks.o
  CC      drivers/hid/hid-generic.o
  AR      drivers/virt/vboxguest/built-in.a
  AR      drivers/virt/coco/built-in.a
  AR      drivers/virt/built-in.a
  AR      drivers/perf/built-in.a
  AR      drivers/hwtracing/intel_th/built-in.a
  AR      drivers/android/built-in.a
  AR      drivers/resctrl/built-in.a
  AR      drivers/cpuidle/built-in.a
  AR      drivers/clocksource/built-in.a
  AR      drivers/thermal/built-in.a
  AR      drivers/mailbox/built-in.a
  AR      drivers/cpufreq/built-in.a
  AR      drivers/hid/built-in.a
  AR      drivers/built-in.a
  AR      built-in.a
  AR      built-in-fixup.a
  COPY    vmlinux.a
  LD      vmlinux.o
  MODPOST vmlinux.symvers
  CC      .vmlinux.export.o
  UPD     include/generated/utsversion.h
  CC      init/version-timestamp.o
  KSYMS   .tmp_vmlinux0.kallsyms.S
  AS      .tmp_vmlinux0.kallsyms.o
  LD      .tmp_vmlinux1
  NM      .tmp_vmlinux1.syms
  KSYMS   .tmp_vmlinux1.kallsyms.S
  AS      .tmp_vmlinux1.kallsyms.o
  LD      .tmp_vmlinux2
  NM      .tmp_vmlinux2.syms
  KSYMS   .tmp_vmlinux2.kallsyms.S
  AS      .tmp_vmlinux2.kallsyms.o
  LD      vmlinux.unstripped
  NM      System.map
  SORTTAB vmlinux.unstripped
  OBJCOPY vmlinux
  GEN     modules.builtin.modinfo
  GEN     modules.builtin
  CC      arch/x86/boot/a20.o
  AS      arch/x86/boot/bioscall.o
  CC      arch/x86/boot/cmdline.o
  AS      arch/x86/boot/copy.o
  HOSTCC  arch/x86/boot/mkcpustr
  CC      arch/x86/boot/cpuflags.o
  CC      arch/x86/boot/cpucheck.o
  CC      arch/x86/boot/early_serial_console.o
  CC      arch/x86/boot/edd.o
  CC      arch/x86/boot/main.o
  CC      arch/x86/boot/memory.o
  CC      arch/x86/boot/pm.o
  AS      arch/x86/boot/pmjump.o
  CC      arch/x86/boot/printf.o
  CC      arch/x86/boot/regs.o
  CC      arch/x86/boot/string.o
  CC      arch/x86/boot/tty.o
  CC      arch/x86/boot/video.o
  CC      arch/x86/boot/video-mode.o
  CC      arch/x86/boot/version.o
  CC      arch/x86/boot/video-vga.o
  CC      arch/x86/boot/video-vesa.o
  CC      arch/x86/boot/video-bios.o
  CPUSTR  arch/x86/boot/cpustr.h
  LDS     arch/x86/boot/compressed/vmlinux.lds
  CC      arch/x86/boot/cpu.o
  AS      arch/x86/boot/compressed/kernel_info.o
  AS      arch/x86/boot/compressed/head_64.o
  VOFFSET arch/x86/boot/compressed/../voffset.h
  CC      arch/x86/boot/compressed/string.o
  CC      arch/x86/boot/compressed/cmdline.o
  CC      arch/x86/boot/compressed/error.o
  OBJCOPY arch/x86/boot/compressed/vmlinux.bin
  HOSTCC  arch/x86/boot/compressed/mkpiggy
  CC      arch/x86/boot/compressed/cpuflags.o
  CC      arch/x86/boot/compressed/ident_map_64.o
  CC      arch/x86/boot/compressed/idt_64.o
  AS      arch/x86/boot/compressed/idt_handlers_64.o
  CC      arch/x86/boot/compressed/pgtable_64.o
  CC      arch/x86/boot/compressed/acpi.o
  XZKERN  arch/x86/boot/compressed/vmlinux.bin.xz
  CC      arch/x86/boot/compressed/misc.o
  MKPIGGY arch/x86/boot/compressed/piggy.S
  AS      arch/x86/boot/compressed/piggy.o
  LD      arch/x86/boot/compressed/vmlinux
  ZOFFSET arch/x86/boot/zoffset.h
  OBJCOPY arch/x86/boot/vmlinux.bin
  AS      arch/x86/boot/header.o
  LD      arch/x86/boot/setup.elf
  OBJCOPY arch/x86/boot/setup.bin
  BUILD   arch/x86/boot/bzImage
Kernel: arch/x86/boot/bzImage is ready  (#1)
make[1]: Leaving directory '/home/sisyphus/code/linux/ipvs-overload-fix/runtime/build'
