Preparing worktree (new branch 'backport/CVE-2026-72252-OLK-5.10-maybe-unused')
Updating files:  22% (16823/74381)
Updating files:  23% (17108/74381)
Updating files:  24% (17852/74381)
Updating files:  25% (18596/74381)
Updating files:  26% (19340/74381)
Updating files:  27% (20083/74381)
Updating files:  28% (20827/74381)
Updating files:  29% (21571/74381)
Updating files:  30% (22315/74381)
Updating files:  31% (23059/74381)
Updating files:  32% (23802/74381)
Updating files:  33% (24546/74381)
Updating files:  34% (25290/74381)
Updating files:  35% (26034/74381)
Updating files:  36% (26778/74381)
Updating files:  37% (27521/74381)
Updating files:  38% (28265/74381)
Updating files:  39% (29009/74381)
Updating files:  39% (29318/74381)
Updating files:  40% (29753/74381)
Updating files:  41% (30497/74381)
Updating files:  42% (31241/74381)
Updating files:  43% (31984/74381)
Updating files:  44% (32728/74381)
Updating files:  45% (33472/74381)
Updating files:  46% (34216/74381)
Updating files:  47% (34960/74381)
Updating files:  48% (35703/74381)
Updating files:  49% (36447/74381)
Updating files:  50% (37191/74381)
Updating files:  51% (37935/74381)
Updating files:  51% (38215/74381)
Updating files:  52% (38679/74381)
Updating files:  53% (39422/74381)
Updating files:  54% (40166/74381)
Updating files:  55% (40910/74381)
Updating files:  56% (41654/74381)
Updating files:  57% (42398/74381)
Updating files:  58% (43141/74381)
Updating files:  59% (43885/74381)
Updating files:  60% (44629/74381)
Updating files:  61% (45373/74381)
Updating files:  61% (46020/74381)
Updating files:  62% (46117/74381)
Updating files:  63% (46861/74381)
Updating files:  64% (47604/74381)
Updating files:  65% (48348/74381)
Updating files:  66% (49092/74381)
Updating files:  67% (49836/74381)
Updating files:  68% (50580/74381)
Updating files:  69% (51323/74381)
Updating files:  70% (52067/74381)
Updating files:  71% (52811/74381)
Updating files:  72% (53555/74381)
Updating files:  73% (54299/74381)
Updating files:  73% (54536/74381)
Updating files:  74% (55042/74381)
Updating files:  75% (55786/74381)
Updating files:  76% (56530/74381)
Updating files:  77% (57274/74381)
Updating files:  78% (58018/74381)
Updating files:  79% (58761/74381)
Updating files:  80% (59505/74381)
Updating files:  81% (60249/74381)
Updating files:  82% (60993/74381)
Updating files:  82% (61531/74381)
Updating files:  83% (61737/74381)
Updating files:  84% (62481/74381)
Updating files:  85% (63224/74381)
Updating files:  86% (63968/74381)
Updating files:  87% (64712/74381)
Updating files:  88% (65456/74381)
Updating files:  89% (66200/74381)
Updating files:  90% (66943/74381)
Updating files:  91% (67687/74381)
Updating files:  91% (68108/74381)
Updating files:  92% (68431/74381)
Updating files:  93% (69175/74381)
Updating files:  94% (69919/74381)
Updating files:  95% (70662/74381)
Updating files:  96% (71406/74381)
Updating files:  97% (72150/74381)
Updating files:  98% (72894/74381)
Updating files:  99% (73638/74381)
Updating files: 100% (74381/74381)
Updating files: 100% (74381/74381), done.
HEAD is now at b8095978261c netfilter: cttimeout: detach dataplane timeout policy and repurpose refcount
