Checking patch net/netfilter/nft_set_pipapo.c...
error: while searching for:
{
	struct nft_pipapo *priv = nft_set_priv(set);
	struct nft_pipapo_match *m;
	int cpu;

	m = rcu_dereference_protected(priv->match, true);
	if (m) {
		rcu_barrier();

		for_each_possible_cpu(cpu)
			pipapo_free_scratch(m, cpu);
		free_percpu(m->scratch);
		pipapo_free_fields(m);
		kfree(m);
		priv->match = NULL;
	}

	if (priv->clone) {
		m = priv->clone;

		nft_set_pipapo_match_destroy(ctx, set, m);

		for_each_possible_cpu(cpu)
			pipapo_free_scratch(priv->clone, cpu);
		free_percpu(priv->clone->scratch);

		pipapo_free_fields(priv->clone);
		kfree(priv->clone);
		priv->clone = NULL;
	}
}

/**

error: patch failed: net/netfilter/nft_set_pipapo.c:2326
Applying patch net/netfilter/nft_set_pipapo.c with 1 reject...
Rejected hunk #1.
