Checking patch net/netfilter/nft_set_pipapo.c...
error: while searching for:
	union nft_pipapo_map_bucket rulemap[NFT_PIPAPO_MAX_FIELDS];
	const u8 *start = (const u8 *)elem->key.val.data, *end;
	struct nft_pipapo_match *m = pipapo_maybe_clone(set);
	struct nft_pipapo *priv = nft_set_priv(set);
	u8 genmask = nft_genmask_next(net);
	struct nft_pipapo_elem *e, *dup;
	u64 tstamp = nft_net_tstamp(net);

error: patch failed: net/netfilter/nft_set_pipapo.c:1299
Hunk #2 succeeded at 1311 (offset -58 lines).
error: while searching for:
		 * NFT_SET_ELEM_DEAD_BIT.
		 */
		if (__nft_set_elem_expired(&e->ext, tstamp)) {
			priv->dirty = true;

			gc = nft_trans_gc_queue_sync(gc, GFP_KERNEL);
			if (!gc)
				return;

error: patch failed: net/netfilter/nft_set_pipapo.c:1736
error: while searching for:
	if (time_after_eq(jiffies, priv->last_gc + nft_set_gc_interval(set)))
		pipapo_gc(set, priv->clone);

	if (!priv->dirty)
		return;

	old = rcu_replace_pointer(priv->match, priv->clone,
				  nft_pipapo_transaction_mutex_held(set));
	priv->clone = NULL;
	priv->dirty = false;

	if (old)
		call_rcu(&old->rcu, pipapo_reclaim_match);

error: patch failed: net/netfilter/nft_set_pipapo.c:1823
Hunk #5 succeeded at 1805 (offset -25 lines).
Hunk #6 succeeded at 2062 (offset -23 lines).
error: while searching for:
		f->mt = NULL;
	}

	/* Create an initial clone of matching data for next insertion */
	priv->clone = pipapo_clone(m);
	if (!priv->clone) {
		err = -ENOMEM;
		goto out_free;
	}

	priv->dirty = false;

	rcu_assign_pointer(priv->match, m);

	return 0;

out_free:
	free_percpu(m->scratch);
out_scratch:
	kfree(m);


error: patch failed: net/netfilter/nft_set_pipapo.c:2295
Checking patch net/netfilter/nft_set_pipapo.h...
error: while searching for:
 * @match:	Currently in-use matching data
 * @clone:	Copy where pending insertions and deletions are kept
 * @width:	Total bytes to be matched for one packet, including padding
 * @dirty:	Working copy has pending insertions or deletions
 * @last_gc:	Timestamp of last garbage collection run, jiffies
 */
struct nft_pipapo {
	struct nft_pipapo_match __rcu *match;
	struct nft_pipapo_match *clone;
	int width;
	bool dirty;
	unsigned long last_gc;
};


error: patch failed: net/netfilter/nft_set_pipapo.h:155
Applying patch net/netfilter/nft_set_pipapo.c with 4 rejects...
Rejected hunk #1.
Hunk #2 applied cleanly.
Rejected hunk #3.
Rejected hunk #4.
Hunk #5 applied cleanly.
Hunk #6 applied cleanly.
Rejected hunk #7.
Applying patch net/netfilter/nft_set_pipapo.h with 1 reject...
Rejected hunk #1.
