Checking patch net/netfilter/nft_set_pipapo.c...
Hunk #2 succeeded at 1255 (offset -43 lines).
Hunk #3 succeeded at 1326 (offset -43 lines).
Hunk #4 succeeded at 1345 (offset -43 lines).
Hunk #5 succeeded at 1357 (offset -43 lines).
Hunk #6 succeeded at 1444 (offset -52 lines).
error: while searching for:
	/* removal must occur on priv->clone, if we are low on memory
	 * we have no choice and must fail the removal request.
	 */
	if (!m)
		return NULL;

	e = pipapo_get(m, (const u8 *)elem->key.val.data,

error: patch failed: net/netfilter/nft_set_pipapo.c:1896
Checking patch net/netfilter/nft_set_pipapo.h...
error: while searching for:
	unsigned long __map[];
};

/**
 * struct nft_pipapo_match - Data used for lookup and matching
 * @field_count:	Amount of fields in set
 * @bsize_max:		Maximum lookup table bucket size of all fields, in longs
 * @scratch:		Preallocated per-CPU maps for partial matching results
 * @rcu:		Matching data is swapped on commits

error: patch failed: net/netfilter/nft_set_pipapo.h:131
error: while searching for:
 */
struct nft_pipapo_match {
	u8 field_count;
	unsigned int bsize_max;
	struct nft_pipapo_scratch * __percpu *scratch;
	struct rcu_head rcu;

error: patch failed: net/netfilter/nft_set_pipapo.h:141
Applying patch net/netfilter/nft_set_pipapo.c with 1 reject...
Hunk #1 applied cleanly.
Hunk #2 applied cleanly.
Hunk #3 applied cleanly.
Hunk #4 applied cleanly.
Hunk #5 applied cleanly.
Hunk #6 applied cleanly.
Rejected hunk #7.
Applying patch net/netfilter/nft_set_pipapo.h with 2 rejects...
Rejected hunk #1.
Rejected hunk #2.
