make: Entering directory '/tmp/cve-72252-four-preps-6a8fhcsc/source'
make[1]: Entering directory '/tmp/cve-72252-four-preps-6a8fhcsc/build-minimal'
  GEN     Makefile
  SYSTBL  arch/x86/include/generated/asm/syscalls_32.h
  SYSHDR  arch/x86/include/generated/asm/unistd_32_ia32.h
  WRAP    arch/x86/include/generated/uapi/asm/bpf_perf_event.h
  WRAP    arch/x86/include/generated/uapi/asm/errno.h
  WRAP    arch/x86/include/generated/uapi/asm/fcntl.h
  WRAP    arch/x86/include/generated/uapi/asm/ioctl.h
  WRAP    arch/x86/include/generated/uapi/asm/ioctls.h
  WRAP    arch/x86/include/generated/uapi/asm/ipcbuf.h
  WRAP    arch/x86/include/generated/uapi/asm/param.h
  WRAP    arch/x86/include/generated/uapi/asm/poll.h
  WRAP    arch/x86/include/generated/uapi/asm/resource.h
  WRAP    arch/x86/include/generated/uapi/asm/socket.h
  WRAP    arch/x86/include/generated/uapi/asm/sockios.h
  WRAP    arch/x86/include/generated/uapi/asm/termbits.h
  WRAP    arch/x86/include/generated/uapi/asm/termios.h
  WRAP    arch/x86/include/generated/uapi/asm/types.h
  SYSHDR  arch/x86/include/generated/asm/unistd_64_x32.h
  HOSTCC  arch/x86/tools/relocs_32.o
  HOSTCC  arch/x86/tools/relocs_64.o
  HOSTCC  arch/x86/tools/relocs_common.o
  SYSTBL  arch/x86/include/generated/asm/syscalls_64.h
  HOSTLD  arch/x86/tools/relocs
  SYSHDR  arch/x86/include/generated/uapi/asm/unistd_32.h
  SYSHDR  arch/x86/include/generated/uapi/asm/unistd_64.h
  SYSHDR  arch/x86/include/generated/uapi/asm/unistd_x32.h
  UPD     include/config/kernel.release
  WRAP    arch/x86/include/generated/asm/early_ioremap.h
  WRAP    arch/x86/include/generated/asm/export.h
  WRAP    arch/x86/include/generated/asm/mcs_spinlock.h
  WRAP    arch/x86/include/generated/asm/irq_regs.h
  WRAP    arch/x86/include/generated/asm/local64.h
  WRAP    arch/x86/include/generated/asm/mm-arch-hooks.h
  WRAP    arch/x86/include/generated/asm/mmiowb.h
  WRAP    arch/x86/include/generated/asm/module.lds.h
  WRAP    arch/x86/include/generated/asm/rwonce.h
  UPD     include/generated/uapi/linux/version.h
  UPD     include/generated/utsrelease.h
  HOSTCC  scripts/selinux/genheaders/genheaders
  HOSTCC  scripts/selinux/mdp/mdp
  HOSTCC  scripts/kallsyms
  HOSTCC  scripts/sorttable
  DESCEND  objtool
  HOSTCC   /tmp/cve-72252-four-preps-6a8fhcsc/build-minimal/tools/objtool/fixdep.o
  HOSTLD   /tmp/cve-72252-four-preps-6a8fhcsc/build-minimal/tools/objtool/fixdep-in.o
  LINK     /tmp/cve-72252-four-preps-6a8fhcsc/build-minimal/tools/objtool/fixdep
  HOSTCC  scripts/asn1_compiler
  HOSTCC  scripts/extract-cert
  CC       /tmp/cve-72252-four-preps-6a8fhcsc/build-minimal/tools/objtool/exec-cmd.o
  CC       /tmp/cve-72252-four-preps-6a8fhcsc/build-minimal/tools/objtool/help.o
  MKDIR    /tmp/cve-72252-four-preps-6a8fhcsc/build-minimal/tools/objtool/arch/x86/
  CC       /tmp/cve-72252-four-preps-6a8fhcsc/build-minimal/tools/objtool/arch/x86/special.o
  CC       /tmp/cve-72252-four-preps-6a8fhcsc/build-minimal/tools/objtool/pager.o
  MKDIR    /tmp/cve-72252-four-preps-6a8fhcsc/build-minimal/tools/objtool/arch/x86/lib/
  GEN      /tmp/cve-72252-four-preps-6a8fhcsc/build-minimal/tools/objtool/arch/x86/lib/inat-tables.c
  CC       /tmp/cve-72252-four-preps-6a8fhcsc/build-minimal/tools/objtool/parse-options.o
  CC       /tmp/cve-72252-four-preps-6a8fhcsc/build-minimal/tools/objtool/arch/x86/decode.o
  CC       /tmp/cve-72252-four-preps-6a8fhcsc/build-minimal/tools/objtool/weak.o
  CC       /tmp/cve-72252-four-preps-6a8fhcsc/build-minimal/tools/objtool/check.o
  LD       /tmp/cve-72252-four-preps-6a8fhcsc/build-minimal/tools/objtool/arch/x86/objtool-in.o
  CC       /tmp/cve-72252-four-preps-6a8fhcsc/build-minimal/tools/objtool/special.o
  CC       /tmp/cve-72252-four-preps-6a8fhcsc/build-minimal/tools/objtool/run-command.o
  CC       /tmp/cve-72252-four-preps-6a8fhcsc/build-minimal/tools/objtool/sigchain.o
  CC       /tmp/cve-72252-four-preps-6a8fhcsc/build-minimal/tools/objtool/orc_gen.o
  CC       /tmp/cve-72252-four-preps-6a8fhcsc/build-minimal/tools/objtool/subcmd-config.o
  LD       /tmp/cve-72252-four-preps-6a8fhcsc/build-minimal/tools/objtool/libsubcmd-in.o
  AR       /tmp/cve-72252-four-preps-6a8fhcsc/build-minimal/tools/objtool/libsubcmd.a
  CC       /tmp/cve-72252-four-preps-6a8fhcsc/build-minimal/tools/objtool/orc_dump.o
  CC      scripts/mod/empty.o
  HOSTCC  scripts/mod/mk_elfconfig
  CC       /tmp/cve-72252-four-preps-6a8fhcsc/build-minimal/tools/objtool/builtin-check.o
  CC       /tmp/cve-72252-four-preps-6a8fhcsc/build-minimal/tools/objtool/builtin-orc.o
  CC      scripts/mod/devicetable-offsets.s
  MKELF   scripts/mod/elfconfig.h
  CC       /tmp/cve-72252-four-preps-6a8fhcsc/build-minimal/tools/objtool/elf.o
  HOSTCC  scripts/mod/modpost.o
  CC       /tmp/cve-72252-four-preps-6a8fhcsc/build-minimal/tools/objtool/objtool.o
  CC       /tmp/cve-72252-four-preps-6a8fhcsc/build-minimal/tools/objtool/libstring.o
  CC       /tmp/cve-72252-four-preps-6a8fhcsc/build-minimal/tools/objtool/libctype.o
  CC       /tmp/cve-72252-four-preps-6a8fhcsc/build-minimal/tools/objtool/str_error_r.o
  UPD     scripts/mod/devicetable-offsets.h
  HOSTCC  scripts/mod/sumversion.o
  CC       /tmp/cve-72252-four-preps-6a8fhcsc/build-minimal/tools/objtool/librbtree.o
  HOSTCC  scripts/mod/file2alias.o
  LD       /tmp/cve-72252-four-preps-6a8fhcsc/build-minimal/tools/objtool/objtool-in.o
  LINK     /tmp/cve-72252-four-preps-6a8fhcsc/build-minimal/tools/objtool/objtool
  HOSTLD  scripts/mod/modpost
  CC      kernel/bounds.s
  CALL    /tmp/cve-72252-four-preps-6a8fhcsc/source/scripts/atomic/check-atomics.sh
  UPD     include/generated/timeconst.h
  UPD     include/generated/bounds.h
  CC      arch/x86/kernel/asm-offsets.s
  UPD     include/generated/asm-offsets.h
  CALL    /tmp/cve-72252-four-preps-6a8fhcsc/source/scripts/checksyscalls.sh
  CC      net/netfilter/nf_tables_api.o
  CC      net/netfilter/nf_tables_core.o
  CC      net/netfilter/nft_dynset.o
  CC      net/netfilter/nft_set_bitmap.o
  CC      net/netfilter/nft_set_hash.o
  CC      net/netfilter/nft_set_pipapo.o
  CC      net/netfilter/nft_set_pipapo_avx2.o
/tmp/cve-72252-four-preps-6a8fhcsc/source/net/netfilter/nft_set_pipapo.c:1200:13: warning: ‘nft_pipapo_transaction_mutex_held’ defined but not used [-Wunused-function]
 1200 | static bool nft_pipapo_transaction_mutex_held(const struct nft_set *set)
      |             ^~~~~~~~~~~~~~~~~~~~~~~~~~~~~~~~~
  CC      net/netfilter/nft_set_rbtree.o
make[1]: Leaving directory '/tmp/cve-72252-four-preps-6a8fhcsc/build-minimal'
make: Leaving directory '/tmp/cve-72252-four-preps-6a8fhcsc/source'
