make: Entering directory '/tmp/cve-72252-four-preps-6a8fhcsc/source'
make[1]: Entering directory '/tmp/cve-72252-four-preps-6a8fhcsc/build-minimal'
  GEN     Makefile
  HOSTCC  scripts/basic/fixdep
  HOSTCC  scripts/kconfig/conf.o
  HOSTCC  scripts/kconfig/confdata.o
  HOSTCC  scripts/kconfig/expr.o
  LEX     scripts/kconfig/lexer.lex.c
  YACC    scripts/kconfig/parser.tab.[ch]
  HOSTCC  scripts/kconfig/lexer.lex.o
  HOSTCC  scripts/kconfig/parser.tab.o
  HOSTCC  scripts/kconfig/preprocess.o
  HOSTCC  scripts/kconfig/symbol.o
  HOSTCC  scripts/kconfig/util.o
  HOSTLD  scripts/kconfig/conf
#
# No change to .config
#
make[1]: Leaving directory '/tmp/cve-72252-four-preps-6a8fhcsc/build-minimal'
make: Leaving directory '/tmp/cve-72252-four-preps-6a8fhcsc/source'
