make: Entering directory '/tmp/cve-72252-four-preps-6a8fhcsc/source'
make[1]: Entering directory '/tmp/cve-72252-four-preps-6a8fhcsc/build-qemu'
  INSTALL arch/x86/crypto/sm3-zhaoxin-gmi.ko
  INSTALL arch/x86/crypto/sm4-zhaoxin-gmi.ko
  INSTALL crypto/cryptd.ko
  INSTALL crypto/crypto_simd.ko
  INSTALL crypto/sha1_generic.ko
  INSTALL drivers/crypto/zhaoxin-aes.ko
  INSTALL drivers/crypto/zhaoxin-sha.ko
  INSTALL drivers/i2c/busses/i2c-zhaoxin.ko
  INSTALL drivers/net/ethernet/linkdata/sxe/sxe.ko
  INSTALL drivers/net/ethernet/linkdata/sxevf/sxevf.ko
  INSTALL drivers/net/mdio.ko
  INSTALL drivers/thermal/intel/x86_pkg_temp_thermal.ko
  INSTALL fs/efivarfs/efivarfs.ko
  INSTALL net/ipv4/netfilter/iptable_nat.ko
  INSTALL net/ipv4/netfilter/nf_log_arp.ko
  INSTALL net/ipv4/netfilter/nf_log_ipv4.ko
  INSTALL net/ipv6/netfilter/nf_log_ipv6.ko
  INSTALL net/netfilter/nf_log_common.ko
  INSTALL net/netfilter/nfnetlink_cttimeout.ko
  INSTALL net/netfilter/xt_CT.ko
  INSTALL net/netfilter/xt_LOG.ko
  INSTALL net/netfilter/xt_MASQUERADE.ko
  INSTALL net/netfilter/xt_addrtype.ko
  INSTALL net/netfilter/xt_mark.ko
  INSTALL net/netfilter/xt_nat.ko
  DEPMOD  5.10.0-cve72252-80668+
make[1]: Leaving directory '/tmp/cve-72252-four-preps-6a8fhcsc/build-qemu'
make: Leaving directory '/tmp/cve-72252-four-preps-6a8fhcsc/source'
