[   77.034679] qdisc_uaf_repro_mod: loading out-of-tree module taints kernel.
[   77.134997] qdisc_uaf_repro: loading (simulate_fix=0)
[   77.135823] qdisc_uaf_repro: data=ffff888009e2e3e0 transport_header=ffff888009e2e3d2 offset=-14
[   77.136548] qdisc_uaf_repro: hdr_len (unsigned) = 0xfffffff2
[   77.136880] qdisc_uaf_repro: about to dereference skb->data + 0xfffffff2
[   77.137073] qdisc_uaf_repro: th=ffff888109e2e3d2
[   77.138196] BUG: unable to handle page fault for address: ffffed10213c5c7b
[   77.138196] #PF: supervisor read access in kernel mode
[   77.138196] #PF: error_code(0x0000) - not-present page
[   77.138196] PGD 7ffda067 P4D 7ffda067 PUD 3fffb067 PMD 0 
[   77.138196] Oops: Oops: 0000 [#1] SMP KASAN NOPTI
[   77.138196] CPU: 1 UID: 0 PID: 355 Comm: insmod Tainted: G           O        7.2.0-rc4-00061-g248951ddc14d #252 PREEMPT(lazy) 
[   77.138196] Tainted: [O]=OOT_MODULE
[   77.138196] Hardware name: QEMU Standard PC (Q35 + ICH9, 2009), BIOS 1.16.3-debian-1.16.3-2 04/01/2014
[   77.138196] RIP: 0010:__asan_load2+0x48/0xa0
[   77.138196] Code: 0a 48 b8 00 00 00 00 00 80 ff ff 48 39 c7 72 3e 48 8d 47 01 48 89 c6 83 e6 07 74 1b 48 ba 00 00 00 00 00 fc ff df 48 c1 e8 03 <0f> b6 04 10 84 c0 75 28 c3 cc cc cc cc 48 ba 00 00 00 00 00 fc ff
[   77.138196] RSP: 0018:ffffc900014a7858 EFLAGS: 00000207
[   77.138196] RAX: 1ffff110213c5c7b RBX: ffff888008a16140 RCX: ffffffffc0801264
[   77.138196] RDX: dffffc0000000000 RSI: 0000000000000007 RDI: ffff888109e2e3de
[   77.138196] RBP: ffff888109e2e3d2 R08: 0000000000000001 R09: fffff52000294ecb
[   77.138196] R10: ffffc900014a765f R11: 0000000000000001 R12: ffff888008a16210
[   77.138196] R13: ffff888008a16208 R14: ffff888008a161f6 R15: ffff888009e2e558
[   77.138196] FS:  00007f7bb0537080(0000) GS:ffff888080c8d000(0000) knlGS:0000000000000000
[   77.138196] CS:  0010 DS: 0000 ES: 0000 CR0: 0000000080050033
[   77.138196] CR2: ffffed10213c5c7b CR3: 000000000954a000 CR4: 00000000000006f0
[   77.138196] Call Trace:
[   77.138196]  <TASK>
[   77.138196]  qdisc_uaf_repro_init+0x254/0xff0 [qdisc_uaf_repro_mod]
[   77.138196]  ? __pfx_init_module+0x10/0x10 [qdisc_uaf_repro_mod]
[   77.138196]  do_one_initcall+0xa1/0x2d0
[   77.138196]  ? __pfx_do_one_initcall+0x10/0x10
[   77.138196]  ? __kmalloc_cache_noprof+0x158/0x370
[   77.138196]  ? do_init_module+0x84/0x470
[   77.138196]  ? kasan_unpoison+0x27/0x60
[   77.138196]  do_init_module+0x187/0x470
[   77.138196]  ? __pfx_do_init_module+0x10/0x10
[   77.138196]  ? load_module+0x316d/0x3300
[   77.138196]  ? kfree+0x121/0x380
[   77.138196]  load_module+0x308e/0x3300
[   77.138196]  ? __pfx_load_module+0x10/0x10
[   77.138196]  ? security_file_permission+0x24/0x50
[   77.138196]  ? irqentry_exit+0xd2/0x640
[   77.138196]  ? security_kernel_post_read_file+0x5c/0x70
[   77.138196]  ? kernel_read_file+0x2f1/0x500
[   77.138196]  init_module_from_file+0x156/0x180
[   77.138196]  ? __pfx_init_module_from_file+0x10/0x10
[   77.138196]  ? __pfx_tmigr_handle_remote_up+0x10/0x10
[   77.138196]  ? __walk_groups_from+0x2b/0xb0
[   77.138196]  ? __update_load_avg_cfs_rq+0x66/0x5e0
[   77.138196]  ? _raw_spin_lock+0x7f/0xd0
[   77.138196]  ? __pfx__raw_spin_lock+0x10/0x10
[   77.138196]  ? __pfx_cred_has_capability.isra.0+0x10/0x10
[   77.138196]  idempotent_init_module+0x1a3/0x440
[   77.138196]  ? __pfx_idempotent_init_module+0x10/0x10
[   77.138196]  ? fdget+0x9d/0x190
[   77.138196]  __x64_sys_finit_module+0x78/0xc0
[   77.138196]  do_syscall_64+0xf9/0x540
[   77.138196]  entry_SYSCALL_64_after_hwframe+0x77/0x7f
[   77.138196] RIP: 0033:0x7f7bb065f25d
[   77.138196] Code: ff c3 66 2e 0f 1f 84 00 00 00 00 00 90 f3 0f 1e fa 48 89 f8 48 89 f7 48 89 d6 48 89 ca 4d 89 c2 4d 89 c8 4c 8b 4c 24 08 0f 05 <48> 3d 01 f0 ff ff 73 01 c3 48 8b 0d 8b bb 0d 00 f7 d8 64 89 01 48
[   77.138196] RSP: 002b:00007ffd55655f18 EFLAGS: 00000246 ORIG_RAX: 0000000000000139
[   77.138196] RAX: ffffffffffffffda RBX: 0000558accb5e460 RCX: 00007f7bb065f25d
[   77.138196] RDX: 0000000000000000 RSI: 0000558accb5d2a0 RDI: 0000000000000003
[   77.138196] RBP: 00007ffd55655fd0 R08: 0000000000000040 R09: 0000000000004100
[   77.138196] R10: 00007f7bb073bb20 R11: 0000000000000246 R12: 0000558accb5d2a0
[   77.138196] R13: 0000000000000000 R14: 0000558accb5d3a0 R15: 0000558accb5d2a0
[   77.138196]  </TASK>
[   77.138196] Modules linked in: qdisc_uaf_repro_mod(O+)
[   77.138196] CR2: ffffed10213c5c7b
[   77.138196] ---[ end trace 0000000000000000 ]---
[   77.138196] RIP: 0010:__asan_load2+0x48/0xa0
[   77.138196] Code: 0a 48 b8 00 00 00 00 00 80 ff ff 48 39 c7 72 3e 48 8d 47 01 48 89 c6 83 e6 07 74 1b 48 ba 00 00 00 00 00 fc ff df 48 c1 e8 03 <0f> b6 04 10 84 c0 75 28 c3 cc cc cc cc 48 ba 00 00 00 00 00 fc ff
[   77.138196] RSP: 0018:ffffc900014a7858 EFLAGS: 00000207
[   77.138196] RAX: 1ffff110213c5c7b RBX: ffff888008a16140 RCX: ffffffffc0801264
[   77.138196] RDX: dffffc0000000000 RSI: 0000000000000007 RDI: ffff888109e2e3de
[   77.138196] RBP: ffff888109e2e3d2 R08: 0000000000000001 R09: fffff52000294ecb
[   77.138196] R10: ffffc900014a765f R11: 0000000000000001 R12: ffff888008a16210
[   77.138196] R13: ffff888008a16208 R14: ffff888008a161f6 R15: ffff888009e2e558
[   77.138196] FS:  00007f7bb0537080(0000) GS:ffff888080c8d000(0000) knlGS:0000000000000000
[   77.138196] CS:  0010 DS: 0000 ES: 0000 CR0: 0000000080050033
[   77.138196] CR2: ffffed10213c5c7b CR3: 000000000954a000 CR4: 00000000000006f0
[   77.138196] note: insmod[355] exited with irqs disabled
