Warning: Permanently added '[localhost]:2222' (ED25519) to the list of known hosts.
=== syzbot C reproducer (WARNING in ip_rt_bug) ===
Test time: Fri Aug  7 10:47:52 UTC 2026
Kernel: 7.2.0-rc4-00062-g27ff6288dee7-dirty
Running reproducer (30s timeout)...
--- reproducer output (first 20 lines) ---

=== Checking dmesg for ip_rt_bug / WARNING ===
RESULT: NOT REPRODUCED - no ip_rt_bug/WARNING in dmesg

=== Full dmesg tail (30 lines) ===
[   66.788926] 8021q: adding VLAN 0 to HW filter on device netdevsim2
[   66.792038] netdevsim netdevsim0 netdevsim3: renamed from eth3
[   66.805830] 8021q: adding VLAN 0 to HW filter on device netdevsim3
[   70.617249] 8021q: adding VLAN 0 to HW filter on device bond0
[   71.387186] bridge0: port 1(bridge_slave_0) entered blocking state
[   71.387782] bridge0: port 1(bridge_slave_0) entered forwarding state
[   71.433796] bridge0: port 2(bridge_slave_1) entered blocking state
[   71.433925] bridge0: port 2(bridge_slave_1) entered forwarding state
[   73.167359] 8021q: adding VLAN 0 to HW filter on device batadv0
[   73.992630] veth0_vlan: entered promiscuous mode
[   74.027791] veth1_vlan: entered promiscuous mode
[   74.142713] veth0_macvtap: entered promiscuous mode
[   74.164776] veth1_macvtap: entered promiscuous mode
[   74.226703] batman_adv: batadv0: Interface activated: batadv_slave_0
[   74.264973] batman_adv: batadv0: Interface activated: batadv_slave_1
[   74.316991] netdevsim netdevsim0 netdevsim0: set [1, 0] type 2 family 0 port 6081 - 0
[   74.318024] netdevsim netdevsim0 netdevsim1: set [1, 0] type 2 family 0 port 6081 - 0
[   74.318159] netdevsim netdevsim0 netdevsim2: set [1, 0] type 2 family 0 port 6081 - 0
[   74.318212] netdevsim netdevsim0 netdevsim3: set [1, 0] type 2 family 0 port 6081 - 0
[   74.551067] netdevsim netdevsim0 netdevsim3 (unregistering): unset [1, 0] type 2 family 0 port 6081 - 0
[   74.609169] netdevsim netdevsim0 netdevsim2 (unregistering): unset [1, 0] type 2 family 0 port 6081 - 0
[   74.650909] netdevsim netdevsim0 netdevsim1 (unregistering): unset [1, 0] type 2 family 0 port 6081 - 0
[   74.703509] netdevsim netdevsim0 netdevsim0 (unregistering): unset [1, 0] type 2 family 0 port 6081 - 0
[   74.959745] bridge_slave_1: left allmulticast mode
[   74.960160] bridge_slave_1: left promiscuous mode
[   74.966057] bridge0: port 2(bridge_slave_1) entered disabled state
[   74.988218] bridge_slave_0: left allmulticast mode
[   74.990646] bridge_slave_0: left promiscuous mode
[   74.991781] bridge0: port 1(bridge_slave_0) entered disabled state
[   75.459832] bond0 (unregistering): (slave bond_slave_0): Releasing backup interface
